Component: ARM Compiler 5.06 update 5 (build 528) Tool: armlink [4d35e2]

==============================================================================

Section Cross References

    system_stm32f4xx.o(.text) refers to system_stm32f4xx.o(.data) for .data
    startup_stm32f40_41xxx.o(RESET) refers to startup_stm32f40_41xxx.o(STACK) for __initial_sp
    startup_stm32f40_41xxx.o(RESET) refers to startup_stm32f40_41xxx.o(.text) for Reset_Handler
    startup_stm32f40_41xxx.o(RESET) refers to stm32f4xx_it.o(.text) for NMI_Handler
    startup_stm32f40_41xxx.o(RESET) refers to sys.o(.text) for SysTick_Handler
    startup_stm32f40_41xxx.o(RESET) refers to uart1.o(.text) for USART1_IRQHandler
    startup_stm32f40_41xxx.o(RESET) refers to uart2.o(.text) for USART2_IRQHandler
    startup_stm32f40_41xxx.o(RESET) refers to y_zx_uart3.o(.text) for USART3_IRQHandler
    startup_stm32f40_41xxx.o(RESET) refers to y_spwm.o(.text) for TIM8_UP_TIM13_IRQHandler
    startup_stm32f40_41xxx.o(RESET) refers to y_servo.o(.text) for TIM8_TRG_COM_TIM14_IRQHandler
    startup_stm32f40_41xxx.o(RESET) refers to uart4.o(.text) for UART4_IRQHandler
    startup_stm32f40_41xxx.o(RESET) refers to y_sbus.o(.text) for UART5_IRQHandler
    startup_stm32f40_41xxx.o(RESET) refers to usb_bsp.o(.text) for OTG_FS_IRQHandler
    startup_stm32f40_41xxx.o(RESET) refers to uart6.o(.text) for USART6_IRQHandler
    startup_stm32f40_41xxx.o(.text) refers to system_stm32f4xx.o(.text) for SystemInit
    startup_stm32f40_41xxx.o(.text) refers to entry.o(.ARM.Collect$$$$00000000) for __main
    stm32f4xx_adc.o(.text) refers to stm32f4xx_rcc.o(.text) for RCC_APB2PeriphResetCmd
    stm32f4xx_can.o(.text) refers to stm32f4xx_rcc.o(.text) for RCC_APB1PeriphResetCmd
    stm32f4xx_gpio.o(.text) refers to stm32f4xx_rcc.o(.text) for RCC_AHB1PeriphResetCmd
    stm32f4xx_i2c.o(.text) refers to stm32f4xx_rcc.o(.text) for RCC_APB1PeriphResetCmd
    stm32f4xx_rcc.o(.text) refers to stm32f4xx_rcc.o(.data) for .data
    stm32f4xx_sdio.o(.text) refers to stm32f4xx_rcc.o(.text) for RCC_APB2PeriphResetCmd
    stm32f4xx_spi.o(.text) refers to stm32f4xx_rcc.o(.text) for RCC_APB1PeriphResetCmd
    stm32f4xx_syscfg.o(.text) refers to stm32f4xx_rcc.o(.text) for RCC_APB2PeriphResetCmd
    stm32f4xx_tim.o(.text) refers to stm32f4xx_rcc.o(.text) for RCC_APB2PeriphResetCmd
    stm32f4xx_usart.o(.text) refers to stm32f4xx_rcc.o(.text) for RCC_APB2PeriphResetCmd
    stm32f4xx_dac.o(.text) refers to stm32f4xx_rcc.o(.text) for RCC_APB1PeriphResetCmd
    usbh_hid_core.o(.text) refers to printf8.o(i.__0printf$8) for __2printf
    usbh_hid_core.o(.text) refers to usbh_hcs.o(.text) for USBH_Alloc_Channel
    usbh_hid_core.o(.text) refers to usb_core.o(.text) for USB_OTG_HC_Halt
    usbh_hid_core.o(.text) refers to usbh_hid_core.o(.bss) for .bss
    usbh_hid_core.o(.text) refers to usbh_hid_core.o(.conststring) for .conststring
    usbh_hid_core.o(.text) refers to usbh_hid_core.o(.data) for .data
    usbh_hid_core.o(.text) refers to usbh_hid_keybd.o(.data) for HID_KEYBRD_cb
    usbh_hid_core.o(.text) refers to usbh_hid_mouse.o(.data) for HID_MOUSE_cb
    usbh_hid_core.o(.text) refers to usbh_hid_gamepad.o(.data) for HID_GAMEPAD_cb
    usbh_hid_core.o(.text) refers to usbh_ioreq.o(.text) for USBH_CtlReq
    usbh_hid_core.o(.text) refers to usb_hcd.o(.text) for HCD_GetCurrentFrame
    usbh_hid_core.o(.text) refers to usbh_stdreq.o(.text) for USBH_ClrFeature
    usbh_hid_core.o(.data) refers to usbh_hid_core.o(.text) for USBH_HID_InterfaceInit
    usbh_hid_gamepad.o(.text) refers to usbh_usr.o(.text) for USR_GAMEPAD_Init
    usbh_hid_gamepad.o(.text) refers to usbh_hid_gamepad.o(.bss) for .bss
    usbh_hid_gamepad.o(.text) refers to usbh_hid_gamepad.o(.data) for .data
    usbh_hid_gamepad.o(.data) refers to usbh_hid_gamepad.o(.text) for GAMEPAD_Init
    usbh_hid_keybd.o(.text) refers to usbh_usr.o(.text) for USR_KEYBRD_Init
    usbh_hid_keybd.o(.text) refers to usbh_hid_keybd.o(.data) for .data
    usbh_hid_keybd.o(.text) refers to usbh_hid_keybd.o(.constdata) for .constdata
    usbh_hid_keybd.o(.data) refers to usbh_hid_keybd.o(.text) for KEYBRD_Init
    usbh_hid_mouse.o(.text) refers to usbh_usr.o(.text) for USR_MOUSE_Init
    usbh_hid_mouse.o(.text) refers to usbh_hid_mouse.o(.data) for .data
    usbh_hid_mouse.o(.data) refers to usbh_hid_mouse.o(.text) for MOUSE_Init
    usbh_core.o(.text) refers to usb_bsp.o(.text) for USB_OTG_BSP_DriveVBUS
    usbh_core.o(.text) refers to usb_core.o(.text) for USB_OTG_DisableGlobalInt
    usbh_core.o(.text) refers to usbh_hcs.o(.text) for USBH_Free_Channel
    usbh_core.o(.text) refers to usb_hcd.o(.text) for HCD_Init
    usbh_core.o(.text) refers to usbh_ioreq.o(.text) for USBH_CtlSendSetup
    usbh_core.o(.text) refers to usbh_stdreq.o(.text) for USBH_Get_DevDesc
    usbh_core.o(.text) refers to usbh_core.o(.data) for .data
    usbh_core.o(.data) refers to usbh_core.o(.text) for USBH_SOF
[...]
    RCC_RTCCLKConfig                         0x08000bb7   Thumb Code    42  stm32f4xx_rcc.o(.text)
    RCC_RTCCLKCmd                            0x08000be1   Thumb Code     8  stm32f4xx_rcc.o(.text)
    RCC_BackupResetCmd                       0x08000be9   Thumb Code     8  stm32f4xx_rcc.o(.text)
    RCC_I2SCLKConfig                         0x08000bf1   Thumb Code     8  stm32f4xx_rcc.o(.text)
    RCC_SAIPLLI2SClkDivConfig                0x08000bf9   Thumb Code    18  stm32f4xx_rcc.o(.text)
    RCC_SAIPLLSAIClkDivConfig                0x08000c0b   Thumb Code    24  stm32f4xx_rcc.o(.text)
    RCC_SAIBlockACLKConfig                   0x08000c23   Thumb Code    16  stm32f4xx_rcc.o(.text)
    RCC_SAIBlockBCLKConfig                   0x08000c33   Thumb Code    16  stm32f4xx_rcc.o(.text)
    RCC_LTDCCLKDivConfig                     0x08000c43   Thumb Code    16  stm32f4xx_rcc.o(.text)
    RCC_TIMCLKPresConfig                     0x08000c53   Thumb Code     8  stm32f4xx_rcc.o(.text)
    RCC_AHB1PeriphClockCmd                   0x08000c5b   Thumb Code    20  stm32f4xx_rcc.o(.text)
    RCC_AHB2PeriphClockCmd                   0x08000c6f   Thumb Code    20  stm32f4xx_rcc.o(.text)
    RCC_AHB3PeriphClockCmd                   0x08000c83   Thumb Code    20  stm32f4xx_rcc.o(.text)
    RCC_APB1PeriphClockCmd                   0x08000c97   Thumb Code    20  stm32f4xx_rcc.o(.text)
    RCC_APB2PeriphClockCmd                   0x08000cab   Thumb Code    20  stm32f4xx_rcc.o(.text)
    RCC_AHB1PeriphResetCmd                   0x08000cbf   Thumb Code    20  stm32f4xx_rcc.o(.text)
    RCC_AHB2PeriphResetCmd                   0x08000cd3   Thumb Code    20  stm32f4xx_rcc.o(.text)
    RCC_AHB3PeriphResetCmd                   0x08000ce7   Thumb Code    20  stm32f4xx_rcc.o(.text)
    RCC_APB1PeriphResetCmd                   0x08000cfb   Thumb Code    20  stm32f4xx_rcc.o(.text)
    RCC_APB2PeriphResetCmd                   0x08000d0f   Thumb Code    20  stm32f4xx_rcc.o(.text)
    RCC_AHB1PeriphClockLPModeCmd             0x08000d23   Thumb Code    20  stm32f4xx_rcc.o(.text)
    RCC_AHB2PeriphClockLPModeCmd             0x08000d37   Thumb Code    20  stm32f4xx_rcc.o(.text)
    RCC_AHB3PeriphClockLPModeCmd             0x08000d4b   Thumb Code    20  stm32f4xx_rcc.o(.text)
    RCC_APB1PeriphClockLPModeCmd             0x08000d5f   Thumb Code    64  stm32f4xx_rcc.o(.text)
    RCC_APB2PeriphClockLPModeCmd             0x08000d9f   Thumb Code    18  stm32f4xx_rcc.o(.text)
    RCC_LSEModeConfig                        0x08000db1   Thumb Code    24  stm32f4xx_rcc.o(.text)
    RCC_ITConfig                             0x08000dc9   Thumb Code    20  stm32f4xx_rcc.o(.text)
    RCC_ClearFlag                            0x08000ddd   Thumb Code    14  stm32f4xx_rcc.o(.text)
    RCC_GetITStatus                          0x08000deb   Thumb Code    18  stm32f4xx_rcc.o(.text)
    RCC_ClearITPendingBit                    0x08000dfd   Thumb Code     8  stm32f4xx_rcc.o(.text)
    SPI_I2S_DeInit                           0x08000e09   Thumb Code   108  stm32f4xx_spi.o(.text)
    SPI_Init                                 0x08000e75   Thumb Code    56  stm32f4xx_spi.o(.text)
    I2S_Init                                 0x08000ead   Thumb Code   198  stm32f4xx_spi.o(.text)
    SPI_StructInit                           0x08000f73   Thumb Code    24  stm32f4xx_spi.o(.text)
    I2S_StructInit                           0x08000f8b   Thumb Code    18  stm32f4xx_spi.o(.text)
    SPI_Cmd                                  0x08000f9d   Thumb Code    20  stm32f4xx_spi.o(.text)
    I2S_Cmd                                  0x08000fb1   Thumb Code    20  stm32f4xx_spi.o(.text)
    SPI_DataSizeConfig                       0x08000fc5   Thumb Code    16  stm32f4xx_spi.o(.text)
    SPI_BiDirectionalLineConfig              0x08000fd5   Thumb Code    22  stm32f4xx_spi.o(.text)
    SPI_NSSInternalSoftwareConfig            0x08000feb   Thumb Code    24  stm32f4xx_spi.o(.text)
    SPI_SSOutputCmd                          0x08001003   Thumb Code    20  stm32f4xx_spi.o(.text)
    SPI_TIModeCmd                            0x08001017   Thumb Code    20  stm32f4xx_spi.o(.text)
    I2S_FullDuplexConfig                     0x0800102b   Thumb Code    58  stm32f4xx_spi.o(.text)
    SPI_I2S_ReceiveData                      0x08001065   Thumb Code     4  stm32f4xx_spi.o(.text)
    SPI_I2S_SendData                         0x08001069   Thumb Code     4  stm32f4xx_spi.o(.text)
    SPI_CalculateCRC                         0x0800106d   Thumb Code    20  stm32f4xx_spi.o(.text)
    SPI_TransmitCRC                          0x08001081   Thumb Code    10  stm32f4xx_spi.o(.text)
    SPI_GetCRC                               0x0800108b   Thumb Code    12  stm32f4xx_spi.o(.text)
    SPI_GetCRCPolynomial                     0x08001097   Thumb Code     4  stm32f4xx_spi.o(.text)
    SPI_I2S_DMACmd                           0x0800109b   Thumb Code    16  stm32f4xx_spi.o(.text)
    SPI_I2S_ITConfig                         0x080010ab   Thumb Code    24  stm32f4xx_spi.o(.text)
    SPI_I2S_GetFlagStatus                    0x080010c3   Thumb Code    14  stm32f4xx_spi.o(.text)
    SPI_I2S_ClearFlag                        0x080010d1   Thumb Code     6  stm32f4xx_spi.o(.text)
    SPI_I2S_GetITStatus                      0x080010d7   Thumb Code    42  stm32f4xx_spi.o(.text)
    SPI_I2S_ClearITPendingBit                0x08001101   Thumb Code    14  stm32f4xx_spi.o(.text)
    TIM_DeInit                               0x08001135   Thumb Code   284  stm32f4xx_tim.o(.text)
    TIM_TimeBaseInit                         0x08001251   Thumb Code    96  stm32f4xx_tim.o(.text)
    TIM_TimeBaseStructInit                   0x080012b1   Thumb Code    18  stm32f4xx_tim.o(.text)
    TIM_PrescalerConfig                      0x080012c3   Thumb Code     6  stm32f4xx_tim.o(.text)
    TIM_CounterModeConfig                    0x080012c9   Thumb Code    12  stm32f4xx_tim.o(.text)
    TIM_SetCounter                           0x080012d5   Thumb Code     4  stm32f4xx_tim.o(.text)
    TIM_SetAutoreload                        0x080012d9   Thumb Code     4  stm32f4xx_tim.o(.text)
    TIM_GetCounter                           0x080012dd   Thumb Code     4  stm32f4xx_tim.o(.text)
    TIM_GetPrescaler                         0x080012e1   Thumb Code     4  stm32f4xx_tim.o(.text)
    TIM_UpdateDisableConfig                  0x080012e5   Thumb Code    20  stm32f4xx_tim.o(.text)
    TIM_UpdateRequestConfig                  0x080012f9   Thumb Code    20  stm32f4xx_tim.o(.text)
    TIM_ARRPreloadConfig                     0x0800130d   Thumb Code    20  stm32f4xx_tim.o(.text)
    TIM_SelectOnePulseMode                   0x08001321   Thumb Code    16  stm32f4xx_tim.o(.text)
    TIM_SetClockDivision                     0x08001331   Thumb Code    16  stm32f4xx_tim.o(.text)
    TIM_Cmd                                  0x08001341   Thumb Code    20  stm32f4xx_tim.o(.text)
    TIM_OC1Init                              0x08001355   Thumb Code    88  stm32f4xx_tim.o(.text)
    TIM_OC2Init                              0x080013ad   Thumb Code   120  stm32f4xx_tim.o(.text)
    TIM_OC3Init                              0x08001425   Thumb Code   116  stm32f4xx_tim.o(.text)
    TIM_OC4Init                              0x08001499   Thumb Code    88  stm32f4xx_tim.o(.text)
    TIM_OCStructInit                         0x080014f1   Thumb Code    20  stm32f4xx_tim.o(.text)
    TIM_SelectOCxM                           0x08001505   Thumb Code   130  stm32f4xx_tim.o(.text)
    TIM_SetCompare1                          0x08001587   Thumb Code     4  stm32f4xx_tim.o(.text)
    TIM_SetCompare2                          0x0800158b   Thumb Code     4  stm32f4xx_tim.o(.text)
    TIM_SetCompare3                          0x0800158f   Thumb Code     4  stm32f4xx_tim.o(.text)
    TIM_SetCompare4                          0x08001593   Thumb Code     4  stm32f4xx_tim.o(.text)
    TIM_ForcedOC1Config                      0x08001597   Thumb Code    12  stm32f4xx_tim.o(.text)
    TIM_ForcedOC2Config                      0x080015a3   Thumb Code    20  stm32f4xx_tim.o(.text)
    TIM_ForcedOC3Config                      0x080015b7   Thumb Code    12  stm32f4xx_tim.o(.text)
    TIM_ForcedOC4Config                      0x080015c3   Thumb Code    20  stm32f4xx_tim.o(.text)
    TIM_OC1PreloadConfig                     0x080015d7   Thumb Code    12  stm32f4xx_tim.o(.text)
    TIM_OC2PreloadConfig                     0x080015e3   Thumb Code    20  stm32f4xx_tim.o(.text)
    TIM_OC3PreloadConfig                     0x080015f7   Thumb Code    12  stm32f4xx_tim.o(.text)
    TIM_OC4PreloadConfig                     0x08001603   Thumb Code    20  stm32f4xx_tim.o(.text)
    TIM_OC1FastConfig                        0x08001617   Thumb Code    12  stm32f4xx_tim.o(.text)
    TIM_OC2FastConfig                        0x08001623   Thumb Code    20  stm32f4xx_tim.o(.text)
    TIM_OC3FastConfig                        0x08001637   Thumb Code    12  stm32f4xx_tim.o(.text)
    TIM_OC4FastConfig                        0x08001643   Thumb Code    20  stm32f4xx_tim.o(.text)
    TIM_ClearOC1Ref                          0x08001657   Thumb Code    12  stm32f4xx_tim.o(.text)
    TIM_ClearOC2Ref                          0x08001663   Thumb Code    20  stm32f4xx_tim.o(.text)
    TIM_ClearOC3Ref                          0x08001677   Thumb Code    12  stm32f4xx_tim.o(.text)
    TIM_ClearOC4Ref                          0x08001683   Thumb Code    20  stm32f4xx_tim.o(.text)
    TIM_OC1PolarityConfig                    0x08001697   Thumb Code    12  stm32f4xx_tim.o(.text)
    TIM_OC1NPolarityConfig                   0x080016a3   Thumb Code    12  stm32f4xx_tim.o(.text)
    TIM_OC2PolarityConfig                    0x080016af   Thumb Code    20  stm32f4xx_tim.o(.text)
    TIM_OC2NPolarityConfig                   0x080016c3   Thumb Code    20  stm32f4xx_tim.o(.text)
    TIM_OC3PolarityConfig                    0x080016d7   Thumb Code    20  stm32f4xx_tim.o(.text)
    TIM_OC3NPolarityConfig                   0x080016eb   Thumb Code    20  stm32f4xx_tim.o(.text)
    TIM_OC4PolarityConfig                    0x080016ff   Thumb Code    20  stm32f4xx_tim.o(.text)
    TIM_CCxCmd                               0x08001713   Thumb Code    22  stm32f4xx_tim.o(.text)
    TIM_CCxNCmd                              0x08001729   Thumb Code    22  stm32f4xx_tim.o(.text)
    TIM_SetIC4Prescaler                      0x0800173f   Thumb Code    24  stm32f4xx_tim.o(.text)
    TIM_SetIC3Prescaler                      0x08001757   Thumb Code    16  stm32f4xx_tim.o(.text)
    TIM_SetIC2Prescaler                      0x08001767   Thumb Code    24  stm32f4xx_tim.o(.text)
    TIM_SetIC1Prescaler                      0x080017b5   Thumb Code    16  stm32f4xx_tim.o(.text)
    TIM_ICInit                               0x080017c5   Thumb Code   164  stm32f4xx_tim.o(.text)
    TIM_ICStructInit                         0x08001869   Thumb Code    16  stm32f4xx_tim.o(.text)
    TIM_PWMIConfig                           0x08001879   Thumb Code   104  stm32f4xx_tim.o(.text)
    TIM_GetCapture1                          0x080018e1   Thumb Code     4  stm32f4xx_tim.o(.text)
    TIM_GetCapture2                          0x080018e5   Thumb Code     4  stm32f4xx_tim.o(.text)
    TIM_GetCapture3                          0x080018e9   Thumb Code     4  stm32f4xx_tim.o(.text)
    TIM_GetCapture4                          0x080018ed   Thumb Code     4  stm32f4xx_tim.o(.text)
    TIM_BDTRConfig                           0x080018f1   Thumb Code    34  stm32f4xx_tim.o(.text)
    TIM_BDTRStructInit                       0x08001913   Thumb Code    18  stm32f4xx_tim.o(.text)
    TIM_CtrlPWMOutputs                       0x08001925   Thumb Code    22  stm32f4xx_tim.o(.text)
    TIM_SelectCOM                            0x0800193b   Thumb Code    20  stm32f4xx_tim.o(.text)
    TIM_CCPreloadControl                     0x0800194f   Thumb Code    20  stm32f4xx_tim.o(.text)
    TIM_ITConfig                             0x08001963   Thumb Code    16  stm32f4xx_tim.o(.text)
    TIM_GenerateEvent                        0x08001973   Thumb Code     4  stm32f4xx_tim.o(.text)
    TIM_GetFlagStatus                        0x08001977   Thumb Code    14  stm32f4xx_tim.o(.text)
    TIM_ClearFlag                            0x08001985   Thumb Code     6  stm32f4xx_tim.o(.text)
    TIM_GetITStatus                          0x0800198b   Thumb Code    24  stm32f4xx_tim.o(.text)
    TIM_ClearITPendingBit                    0x080019a3   Thumb Code     6  stm32f4xx_tim.o(.text)
    TIM_DMAConfig                            0x080019a9   Thumb Code     8  stm32f4xx_tim.o(.text)
    TIM_DMACmd                               0x080019b1   Thumb Code    16  stm32f4xx_tim.o(.text)
    TIM_SelectCCDMA                          0x080019c1   Thumb Code    20  stm32f4xx_tim.o(.text)
    TIM_InternalClockConfig                  0x080019d5   Thumb Code    10  stm32f4xx_tim.o(.text)
    TIM_SelectInputTrigger                   0x080019df   Thumb Code    12  stm32f4xx_tim.o(.text)
    TIM_ITRxExternalClockConfig              0x080019eb   Thumb Code    18  stm32f4xx_tim.o(.text)
    TIM_TIxExternalClockConfig               0x080019fd   Thumb Code    46  stm32f4xx_tim.o(.text)
    TIM_ETRConfig                            0x08001a2b   Thumb Code    24  stm32f4xx_tim.o(.text)
    TIM_ETRClockMode1Config                  0x08001a43   Thumb Code    18  stm32f4xx_tim.o(.text)
    TIM_ETRClockMode2Config                  0x08001a55   Thumb Code    18  stm32f4xx_tim.o(.text)
    TIM_SelectOutputTrigger                  0x08001a67   Thumb Code    16  stm32f4xx_tim.o(.text)
    TIM_SelectSlaveMode                      0x08001a77   Thumb Code    16  stm32f4xx_tim.o(.text)
    TIM_SelectMasterSlaveMode                0x08001a87   Thumb Code    16  stm32f4xx_tim.o(.text)
    TIM_EncoderInterfaceConfig               0x08001a97   Thumb Code    50  stm32f4xx_tim.o(.text)
    TIM_SelectHallSensor                     0x08001ac9   Thumb Code    20  stm32f4xx_tim.o(.text)
    TIM_RemapConfig                          0x08001add   Thumb Code     6  stm32f4xx_tim.o(.text)
    USART_DeInit                             0x08001b11   Thumb Code   138  stm32f4xx_usart.o(.text)
    USART_Init                               0x08001b9b   Thumb Code   164  stm32f4xx_usart.o(.text)
    USART_StructInit                         0x08001c3f   Thumb Code    22  stm32f4xx_usart.o(.text)
    USART_ClockInit                          0x08001c55   Thumb Code    28  stm32f4xx_usart.o(.text)
    USART_ClockStructInit                    0x08001c71   Thumb Code    12  stm32f4xx_usart.o(.text)
    USART_Cmd                                0x08001c7d   Thumb Code    20  stm32f4xx_usart.o(.text)
    USART_SetPrescaler                       0x08001c91   Thumb Code    16  stm32f4xx_usart.o(.text)
    USART_OverSampling8Cmd                   0x08001ca1   Thumb Code    20  stm32f4xx_usart.o(.text)
    USART_OneBitMethodCmd                    0x08001cb5   Thumb Code    20  stm32f4xx_usart.o(.text)
    USART_SendData                           0x08001cc9   Thumb Code     8  stm32f4xx_usart.o(.text)
    USART_ReceiveData                        0x08001cd1   Thumb Code     8  stm32f4xx_usart.o(.text)
    USART_SetAddress                         0x08001cd9   Thumb Code    16  stm32f4xx_usart.o(.text)
    USART_ReceiverWakeUpCmd                  0x08001ce9   Thumb Code    20  stm32f4xx_usart.o(.text)
    USART_WakeUpConfig                       0x08001cfd   Thumb Code    16  stm32f4xx_usart.o(.text)
    USART_LINBreakDetectLengthConfig         0x08001d0d   Thumb Code    16  stm32f4xx_usart.o(.text)
    USART_LINCmd                             0x08001d1d   Thumb Code    20  stm32f4xx_usart.o(.text)
    USART_SendBreak                          0x08001d31   Thumb Code    10  stm32f4xx_usart.o(.text)
    USART_HalfDuplexCmd                      0x08001d3b   Thumb Code    20  stm32f4xx_usart.o(.text)
    USART_SetGuardTime                       0x08001d4f   Thumb Code    16  stm32f4xx_usart.o(.text)
    USART_SmartCardCmd                       0x08001d5f   Thumb Code    20  stm32f4xx_usart.o(.text)
    USART_SmartCardNACKCmd                   0x08001d73   Thumb Code    20  stm32f4xx_usart.o(.text)
    USART_IrDAConfig                         0x08001d87   Thumb Code    16  stm32f4xx_usart.o(.text)
    USART_IrDACmd                            0x08001d97   Thumb Code    20  stm32f4xx_usart.o(.text)
    USART_DMACmd                             0x08001dab   Thumb Code    16  stm32f4xx_usart.o(.text)
    USART_ITConfig                           0x08001dbb   Thumb Code    48  stm32f4xx_usart.o(.text)
    USART_GetFlagStatus                      0x08001deb   Thumb Code    14  stm32f4xx_usart.o(.text)
    USART_ClearFlag                          0x08001df9   Thumb Code     6  stm32f4xx_usart.o(.text)
    USART_GetITStatus                        0x08001dff   Thumb Code    62  stm32f4xx_usart.o(.text)
    USART_ClearITPendingBit                  0x08001e3d   Thumb Code    12  stm32f4xx_usart.o(.text)
    USBH_Set_Report                          0x0800261b   Thumb Code    36  usbh_hid_core.o(.text)
    USBH_Connected                           0x08002909   Thumb Code    10  usbh_core.o(.text)
    USBH_PortEnabled                         0x08002913   Thumb Code    10  usbh_core.o(.text)
    USBH_PortDisabled                        0x0800291d   Thumb Code    10  usbh_core.o(.text)
    USBH_Disconnected                        0x08002927   Thumb Code    36  usbh_core.o(.text)
    USBH_SOF                                 0x0800294b   Thumb Code     4  usbh_core.o(.text)
    USBH_DeInit                              0x0800294f   Thumb Code    52  usbh_core.o(.text)
    USBH_Init                                0x08002983   Thumb Code    60  usbh_core.o(.text)
    USBH_HandleControl                       0x080029bf   Thumb Code   458  usbh_core.o(.text)
    USBH_ErrorHandle                         0x08002b89   Thumb Code    44  usbh_core.o(.text)
    USBH_Process                             0x08002d4b   Thumb Code   444  usbh_core.o(.text)
    USB_OTG_BSP_Resume                       0x08002f07   Thumb Code    64  usbh_core.o(.text)
    USB_OTG_BSP_Suspend                      0x08002f47   Thumb Code    40  usbh_core.o(.text)
    USBH_Open_Channel                        0x08002f79   Thumb Code    84  usbh_hcs.o(.text)
    USBH_Modify_Channel                      0x08002fcd   Thumb Code    50  usbh_hcs.o(.text)
    USBH_Alloc_Channel                       0x08002fff   Thumb Code    54  usbh_hcs.o(.text)
    USBH_Free_Channel                        0x08003035   Thumb Code    24  usbh_hcs.o(.text)
    USBH_DeAllocate_AllChannel               0x0800304d   Thumb Code    24  usbh_hcs.o(.text)
    USBH_CtlReq                              0x08003065   Thumb Code    70  usbh_ioreq.o(.text)
    USBH_CtlSendSetup                        0x080030ab   Thumb Code    38  usbh_ioreq.o(.text)
    USBH_CtlSendData                         0x080030d1   Thumb Code    54  usbh_ioreq.o(.text)
    USBH_CtlReceiveData                      0x08003107   Thumb Code    32  usbh_ioreq.o(.text)
    USBH_BulkSendData                        0x08003127   Thumb Code    40  usbh_ioreq.o(.text)
    USBH_BulkReceiveData                     0x0800314f   Thumb Code    38  usbh_ioreq.o(.text)
    USBH_InterruptReceiveData                0x08003175   Thumb Code    50  usbh_ioreq.o(.text)
    USBH_InterruptSendData                   0x080031a7   Thumb Code    48  usbh_ioreq.o(.text)
    USBH_IsocReceiveData                     0x080031d7   Thumb Code    32  usbh_ioreq.o(.text)
    USBH_IsocSendData                        0x080031f7   Thumb Code    32  usbh_ioreq.o(.text)
    USBH_GetDescriptor                       0x08003219   Thumb Code    48  usbh_stdreq.o(.text)
    USBH_Get_DevDesc                         0x08003249   Thumb Code   156  usbh_stdreq.o(.text)
    USBH_GetNextDesc                         0x080032e5   Thumb Code    14  usbh_stdreq.o(.text)
    USBH_ParseCfgDesc                        0x080032f3   Thumb Code   288  usbh_stdreq.o(.text)
    USBH_Get_CfgDesc                         0x08003413   Thumb Code    90  usbh_stdreq.o(.text)
    USBH_Get_StringDesc                      0x0800346d   Thumb Code    72  usbh_stdreq.o(.text)
    USBH_SetAddress                          0x080034b5   Thumb Code    24  usbh_stdreq.o(.text)
    USBH_SetCfg                              0x080034cd   Thumb Code    24  usbh_stdreq.o(.text)
    USBH_SetInterface                        0x080034e5   Thumb Code    26  usbh_stdreq.o(.text)
    USBH_SetDeviceFeature                    0x080034ff   Thumb Code    26  usbh_stdreq.o(.text)
    USBH_ClearDeviceFeature                  0x08003519   Thumb Code    26  usbh_stdreq.o(.text)
    USBH_ClrFeature                          0x08003533   Thumb Code    46  usbh_stdreq.o(.text)
    USBH_OTG_ISR_Handler                     0x0800435f   Thumb Code   168  usb_hcd_int.o(.text)
    HCD_Init                                 0x0800440d   Thumb Code    86  usb_hcd.o(.text)
    HCD_GetCurrentSpeed                      0x08004463   Thumb Code    12  usb_hcd.o(.text)
    HCD_ResetPort                            0x0800446f   Thumb Code    10  usb_hcd.o(.text)
    HCD_IsDeviceConnected                    0x08004479   Thumb Code     6  usb_hcd.o(.text)
    HCD_IsPortEnabled                        0x0800447f   Thumb Code     6  usb_hcd.o(.text)
    HCD_GetCurrentFrame                      0x08004485   Thumb Code     8  usb_hcd.o(.text)
    HCD_GetURB_State                         0x0800448d   Thumb Code     8  usb_hcd.o(.text)
    HCD_GetXferCnt                           0x08004495   Thumb Code    10  usb_hcd.o(.text)
    HCD_GetHCState                           0x0800449f   Thumb Code     8  usb_hcd.o(.text)
    HCD_HC_Init                              0x080044a7   Thumb Code     4  usb_hcd.o(.text)
    HCD_SubmitRequest                        0x080044ab   Thumb Code    20  usb_hcd.o(.text)
    USB_OTG_WritePacket                      0x08004515   Thumb Code    40  usb_core.o(.text)
    USB_OTG_ReadPacket                       0x0800453d   Thumb Code    32  usb_core.o(.text)
    USB_OTG_SelectCore                       0x0800455d   Thumb Code   188  usb_core.o(.text)
    USB_OTG_CoreInit                         0x08004619   Thumb Code   128  usb_core.o(.text)
    USB_OTG_EnableGlobalInt                  0x08004699   Thumb Code    16  usb_core.o(.text)
    USB_OTG_DisableGlobalInt                 0x080046a9   Thumb Code    16  usb_core.o(.text)
    USB_OTG_FlushTxFifo                      0x080046b9   Thumb Code    60  usb_core.o(.text)
    USB_OTG_FlushRxFifo                      0x080046f5   Thumb Code    52  usb_core.o(.text)
    USB_OTG_SetCurrentMode                   0x08004729   Thumb Code    42  usb_core.o(.text)
    USB_OTG_GetMode                          0x08004753   Thumb Code    10  usb_core.o(.text)
    USB_OTG_IsDeviceMode                     0x0800475d   Thumb Code    18  usb_core.o(.text)
    USB_OTG_IsHostMode                       0x0800476f   Thumb Code    14  usb_core.o(.text)
    USB_OTG_ReadCoreItr                      0x0800477d   Thumb Code    10  usb_core.o(.text)
    USB_OTG_ReadOtgItr                       0x08004787   Thumb Code     6  usb_core.o(.text)
    USB_OTG_EnableHostInt                    0x0800478d   Thumb Code    68  usb_core.o(.text)
    USB_OTG_ReadHPRT0                        0x080047d1   Thumb Code    12  usb_core.o(.text)
    USB_OTG_DriveVbus                        0x080047dd   Thumb Code    58  usb_core.o(.text)
    USB_OTG_ResetPort                        0x08004817   Thumb Code    42  usb_core.o(.text)
    USB_OTG_InitFSLSPClkSel                  0x08004841   Thumb Code    12  usb_core.o(.text)
    USB_OTG_CoreInitHost                     0x0800484d   Thumb Code   186  usb_core.o(.text)
    USB_OTG_IsEvenFrame                      0x08004907   Thumb Code    12  usb_core.o(.text)
    USB_OTG_ReadHostAllChannels_intr         0x08004913   Thumb Code     6  usb_core.o(.text)
    USB_OTG_HC_Init                          0x08004919   Thumb Code   236  usb_core.o(.text)
    USB_OTG_HC_StartXfer                     0x08004a05   Thumb Code   258  usb_core.o(.text)
    USB_OTG_HC_Halt                          0x08004b07   Thumb Code    72  usb_core.o(.text)
    USB_OTG_HC_DoPing                        0x08004b4f   Thumb Code    42  usb_core.o(.text)
    USB_OTG_StopHost                         0x08004b79   Thumb Code    64  usb_core.o(.text)
    OTG_FS_IRQHandler                        0x08004bb9   Thumb Code     6  usb_bsp.o(.text)
    USB_OTG_BSP_Init                         0x08004bbf   Thumb Code    78  usb_bsp.o(.text)
    USB_OTG_BSP_EnableInterrupt              0x08004c0d   Thumb Code    32  usb_bsp.o(.text)
    USB_OTG_BSP_DisableInterrupt             0x08004c2d   Thumb Code     2  usb_bsp.o(.text)
    USB_OTG_BSP_DriveVBUS                    0x08004c2f   Thumb Code     2  usb_bsp.o(.text)
    USB_OTG_BSP_ConfigVBUS                   0x08004c31   Thumb Code     2  usb_bsp.o(.text)
    USB_OTG_BSP_uDelay                       0x08004c33   Thumb Code    14  usb_bsp.o(.text)
    USB_OTG_BSP_mDelay                       0x08004c41   Thumb Code     8  usb_bsp.o(.text)
    USBH_USR_Init                            0x08004c51   Thumb Code    18  usbh_usr.o(.text)
    USBH_USR_DeviceAttached                  0x08004c63   Thumb Code     6  usbh_usr.o(.text)
    USBH_USR_UnrecoveredError                0x08004c69   Thumb Code     6  usbh_usr.o(.text)
    USBH_USR_DeviceDisconnected              0x08004c6f   Thumb Code    16  usbh_usr.o(.text)
    USBH_USR_ResetDevice                     0x08004c7f   Thumb Code     6  usbh_usr.o(.text)
    USBH_USR_DeviceSpeedDetected             0x08004c85   Thumb Code    28  usbh_usr.o(.text)
    USBH_USR_Device_DescAvailable            0x08004ca1   Thumb Code    24  usbh_usr.o(.text)
    USBH_USR_DeviceAddressAssigned           0x08004cb9   Thumb Code     6  usbh_usr.o(.text)
    USBH_USR_Configuration_DescAvailable     0x08004cbf   Thumb Code    24  usbh_usr.o(.text)
    USBH_USR_Manufacturer_String             0x08004cd7   Thumb Code     8  usbh_usr.o(.text)
    USBH_USR_Product_String                  0x08004cdf   Thumb Code     8  usbh_usr.o(.text)
    USBH_USR_SerialNum_String                0x08004ce7   Thumb Code     8  usbh_usr.o(.text)
    USBH_USR_EnumerationDone                 0x08004cef   Thumb Code     6  usbh_usr.o(.text)
    USBH_USR_DeviceNotSupported              0x08004cf5   Thumb Code     6  usbh_usr.o(.text)
    USBH_USR_UserInput                       0x08004cfb   Thumb Code    16  usbh_usr.o(.text)
    USBH_USR_OverCurrentDetected             0x08004d0b   Thumb Code     6  usbh_usr.o(.text)
    USR_MOUSE_Init                           0x08004d11   Thumb Code     6  usbh_usr.o(.text)
    USR_MOUSE_ProcessData                    0x08004d17   Thumb Code     2  usbh_usr.o(.text)
    USR_KEYBRD_Init                          0x08004d19   Thumb Code    18  usbh_usr.o(.text)
    USR_KEYBRD_ProcessData                   0x08004d2b   Thumb Code    22  usbh_usr.o(.text)
    USBH_USR_DeInit                          0x08004d41   Thumb Code     6  usbh_usr.o(.text)
    USR_GAMEPAD_Init                         0x08004d47   Thumb Code     6  usbh_usr.o(.text)
    USR_GAMEPAD_ProcessData                  0x08004d4d   Thumb Code     2  usbh_usr.o(.text)
    MOTOR_AB_Init                            0x08005001   Thumb Code   236  gpio_int.o(.text)
    MOTOR_CD_Init                            0x080050ed   Thumb Code   340  gpio_int.o(.text)
    ENCODER_A_Init                           0x08005241   Thumb Code   212  gpio_int.o(.text)
    ENCODER_A_GetCounter                     0x08005315   Thumb Code    10  gpio_int.o(.text)
    ENCODER_A_SetCounter                     0x0800531f   Thumb Code     8  gpio_int.o(.text)
    ENCODER_B_Init                           0x08005327   Thumb Code   168  gpio_int.o(.text)
    ENCODER_B_GetCounter                     0x080053cf   Thumb Code    10  gpio_int.o(.text)
    ENCODER_B_SetCounter                     0x080053d9   Thumb Code     8  gpio_int.o(.text)
    ENCODER_C_Init                           0x080053e1   Thumb Code   202  gpio_int.o(.text)
    ENCODER_C_GetCounter                     0x080054ab   Thumb Code    10  gpio_int.o(.text)
    ENCODER_C_SetCounter                     0x080054b5   Thumb Code     8  gpio_int.o(.text)
    ENCODER_D_Init                           0x080054bd   Thumb Code   164  gpio_int.o(.text)
    ENCODER_D_GetCounter                     0x08005561   Thumb Code    10  gpio_int.o(.text)
    ENCODER_D_SetCounter                     0x0800556b   Thumb Code     8  gpio_int.o(.text)
    TIM_IsEnabledIT_UPDATE                   0x08005573   Thumb Code     8  gpio_int.o(.text)
    TIM_IsActiveFlag_UPDATE                  0x0800557b   Thumb Code     8  gpio_int.o(.text)
    TIM_GetDirection                         0x08005583   Thumb Code     8  gpio_int.o(.text)
    KEY_Init                                 0x0800558b   Thumb Code    50  gpio_int.o(.text)
    TRACK_IR4_Init                           0x080055bd   Thumb Code    78  gpio_int.o(.text)
    ultrasonic_sensor_init                   0x0800560b   Thumb Code   114  gpio_int.o(.text)
    sensor_sr_ultrasonic_read                0x0800567d   Thumb Code   182  gpio_int.o(.text)
    GPIO_LED_int                             0x08005733   Thumb Code    52  gpio_int.o(.text)
    VIN_Init                                 0x08005767   Thumb Code   132  gpio_int.o(.text)
    VIN_GetVol_X100                          0x080057eb   Thumb Code    64  gpio_int.o(.text)
    SysTickConfig                            0x08005865   Thumb Code    60  sys.o(.text)
    Delay_us                                 0x080058a1   Thumb Code    20  sys.o(.text)
    Delay_ms                                 0x080058b5   Thumb Code    28  sys.o(.text)
    millis                                   0x080058d1   Thumb Code     6  sys.o(.text)
    SysTick_Handler                          0x080058d7   Thumb Code    16  sys.o(.text)
    UART1_Init                               0x08005911   Thumb Code   162  uart1.o(.text)
    uart1_send_byte                          0x080059b3   Thumb Code    26  uart1.o(.text)
    uart1_send_str                           0x080059cd   Thumb Code    20  uart1.o(.text)
    USART1_IRQHandler                        0x080059e1   Thumb Code   164  uart1.o(.text)
    fputc                                    0x08005a85   Thumb Code    30  uart1.o(.text)
    fgetc                                    0x08005aa3   Thumb Code    26  uart1.o(.text)
    UART2_Init                               0x08005ad9   Thumb Code   160  uart2.o(.text)
    uart2_send_byte                          0x08005b79   Thumb Code    26  uart2.o(.text)
    uart2_send_str                           0x08005b93   Thumb Code    20  uart2.o(.text)
    USART2_IRQHandler                        0x08005ba7   Thumb Code   160  uart2.o(.text)
    USART3_Init                              0x08005c61   Thumb Code   170  y_zx_uart3.o(.text)
    uart3_send_str                           0x08005d0b   Thumb Code    36  y_zx_uart3.o(.text)
    USART3_IRQHandler                        0x08005d2f   Thumb Code   154  y_zx_uart3.o(.text)
    UART4_Init                               0x08005de5   Thumb Code   162  uart4.o(.text)
    uart4_send_byte                          0x08005e87   Thumb Code    26  uart4.o(.text)
    uart4_send_str                           0x08005ea1   Thumb Code    20  uart4.o(.text)
    UART4_IRQHandler                         0x08005eb5   Thumb Code   160  uart4.o(.text)
    UART6_Init                               0x08005f6d   Thumb Code   160  uart6.o(.text)
    uart6_send_byte                          0x0800600d   Thumb Code    26  uart6.o(.text)
    uart6_send_str                           0x08006027   Thumb Code    20  uart6.o(.text)
    USART6_IRQHandler                        0x0800603b   Thumb Code   172  uart6.o(.text)
    BEEP_Init                                0x08006105   Thumb Code    58  y_beep.o(.text)
    beep_on_times                            0x0800613f   Thumb Code    56  y_beep.o(.text)
    SPEED_PidCtlA                            0x0800617d   Thumb Code   104  y_motor.o(.text)
    SPEED_PidCtlB                            0x080061e5   Thumb Code   104  y_motor.o(.text)
    SPEED_PidCtlC                            0x0800624d   Thumb Code   104  y_motor.o(.text)
    SPEED_PidCtlD                            0x080062b5   Thumb Code   104  y_motor.o(.text)
    MOTOR_A_SetSpeed                         0x0800631d   Thumb Code    72  y_motor.o(.text)
    MOTOR_B_SetSpeed                         0x08006365   Thumb Code    72  y_motor.o(.text)
    MOTOR_D_SetSpeed                         0x080063ad   Thumb Code    72  y_motor.o(.text)
    MOTOR_C_SetSpeed                         0x080063f5   Thumb Code    72  y_motor.o(.text)
    SBUS_Init                                0x08006455   Thumb Code   166  y_sbus.o(.text)
    UART5_IRQHandler                         0x080064fb   Thumb Code   282  y_sbus.o(.text)
    SPWM_Init                                0x0800663d   Thumb Code   322  y_spwm.o(.text)
    TIM8_CC_IRQHandler                       0x0800677f   Thumb Code   464  y_spwm.o(.text)
    TIM8_UP_TIM13_IRQHandler                 0x0800694f   Thumb Code    14  y_spwm.o(.text)
    KEY_Scan                                 0x08006989   Thumb Code    38  y_switch.o(.text)
    SW_Init                                  0x080069af   Thumb Code    70  y_switch.o(.text)
    SW_GetS1                                 0x080069f5   Thumb Code    20  y_switch.o(.text)
    SW_GetS2                                 0x08006a09   Thumb Code    20  y_switch.o(.text)
    SW_GetS12                                0x08006a1d   Thumb Code    34  y_switch.o(.text)
    SpiWriteRead                             0x08006a49   Thumb Code    76  y_w25q64.o(.text)
    SpiFlashRead                             0x08006a95   Thumb Code    84  y_w25q64.o(.text)
    spi_set_speed                            0x08006ae9   Thumb Code    26  y_w25q64.o(.text)
    SpiFlashInit                             0x08006b03   Thumb Code   190  y_w25q64.o(.text)
    setup_w25q64                             0x08006bc1   Thumb Code   130  y_w25q64.o(.text)
    ws_delay_us                              0x08006c43   Thumb Code    18  y_w25q64.o(.text)
    SpiFlashReadID                           0x08006c55   Thumb Code    72  y_w25q64.o(.text)
    SpiFlashReadSR                           0x08006c9d   Thumb Code    42  y_w25q64.o(.text)
    SpiFlashWriteSR                          0x08006cc7   Thumb Code    42  y_w25q64.o(.text)
    SpiFlashWriteEnable                      0x08006cf1   Thumb Code    34  y_w25q64.o(.text)
    SpiFlashWriteDisable                     0x08006d13   Thumb Code    34  y_w25q64.o(.text)
    SpiFlashReadChar                         0x08006d35   Thumb Code    70  y_w25q64.o(.text)
    SpiFlashWaitBusy                         0x08006d7b   Thumb Code    12  y_w25q64.o(.text)
    SpiFlashWritePage                        0x08006d87   Thumb Code   100  y_w25q64.o(.text)
    SpiFlashWriteNoCheck                     0x08006deb   Thumb Code   102  y_w25q64.o(.text)
    SpiFlashEraseSector                      0x08006e51   Thumb Code    68  y_w25q64.o(.text)
    SpiFlashWriteS                           0x08006e95   Thumb Code   152  y_w25q64.o(.text)
    SpiFlashWriteSector                      0x08006f2d   Thumb Code    16  y_w25q64.o(.text)
    SpiFlashWrite                            0x08006f3d   Thumb Code   166  y_w25q64.o(.text)
    SpiFlashWriteChar                        0x08006fe3   Thumb Code    72  y_w25q64.o(.text)
    SpiFlashEraseChip                        0x0800702b   Thumb Code    44  y_w25q64.o(.text)
    SpiFlashPowerDown                        0x08007057   Thumb Code    38  y_w25q64.o(.text)
    SpiFlashWakeUp                           0x0800707d   Thumb Code    38  y_w25q64.o(.text)
    SERVO_Init                               0x080070ad   Thumb Code   158  y_servo.o(.text)
    servo_pin_set                            0x0800714b   Thumb Code    60  y_servo.o(.text)
    duoji_doing_set                          0x08007187   Thumb Code   404  y_servo.o(.text)
    servo_inc_offset                         0x0800731b   Thumb Code   142  y_servo.o(.text)
    TIM14_Int_Init                           0x080073a9   Thumb Code    96  y_servo.o(.text)
    TIM8_TRG_COM_TIM14_IRQHandler            0x08007409   Thumb Code   142  y_servo.o(.text)
    MPU_Write_Byte                           0x080074c5   Thumb Code    60  y_mpu6050.o(.text)
    MPU_Set_LPF                              0x08007501   Thumb Code    46  y_mpu6050.o(.text)
    MPU_Set_Rate                             0x0800752f   Thumb Code    44  y_mpu6050.o(.text)
    MPU_Read_Byte                            0x0800755b   Thumb Code    58  y_mpu6050.o(.text)
    MPU_Set_Accel_Fsr                        0x08007595   Thumb Code     8  y_mpu6050.o(.text)
    MPU_Set_Gyro_Fsr                         0x0800759d   Thumb Code     8  y_mpu6050.o(.text)
    MPU_Init                                 0x080075a5   Thumb Code   132  y_mpu6050.o(.text)
    MPU_Read_Len                             0x08007629   Thumb Code   108  y_mpu6050.o(.text)
    MPU_Get_Temperature                      0x08007695   Thumb Code    66  y_mpu6050.o(.text)
    MPU_Get_Gyroscope                        0x080076d7   Thumb Code    42  y_mpu6050.o(.text)
    MPU_Get_Accelerometer                    0x08007701   Thumb Code    42  y_mpu6050.o(.text)
    MPU_Write_Len                            0x0800772b   Thumb Code    80  y_mpu6050.o(.text)
    MPU_Set_Fifo                             0x0800777b   Thumb Code     6  y_mpu6050.o(.text)
    MPU6050_Read_All                         0x08007781   Thumb Code   168  y_mpu6050.o(.text)
    MPU6050_Gyro_Calibration                 0x08007829   Thumb Code   158  y_mpu6050.o(.text)
    MPU6050_Angle_Init                       0x080078c7   Thumb Code   100  y_mpu6050.o(.text)
    MPU6050_Update_Angle                     0x0800792b   Thumb Code   282  y_mpu6050.o(.text)
    MPU6050_Get_Pitch                        0x08007a45   Thumb Code     6  y_mpu6050.o(.text)
    MPU6050_Get_Roll                         0x08007a4b   Thumb Code     6  y_mpu6050.o(.text)
    MPU6050_Get_Yaw                          0x08007a51   Thumb Code     6  y_mpu6050.o(.text)
    IIC_Init                                 0x08007a81   Thumb Code    56  y_myiic.o(.text)
    IIC_Start                                0x08007ab9   Thumb Code    56  y_myiic.o(.text)
    IIC_Stop                                 0x08007af1   Thumb Code    58  y_myiic.o(.text)
    IIC_Wait_Ack                             0x08007b2b   Thumb Code    74  y_myiic.o(.text)
    IIC_Ack                                  0x08007b75   Thumb Code    56  y_myiic.o(.text)
    IIC_NAck                                 0x08007bad   Thumb Code    56  y_myiic.o(.text)
    IIC_Send_Byte                            0x08007be5   Thumb Code    80  y_myiic.o(.text)
    IIC_Read_Byte                            0x08007c35   Thumb Code    96  y_myiic.o(.text)
    OLED_WriteDat                            0x08007d61   Thumb Code     6  y_oled.o(.text)
    OLED_WriteCmd                            0x08007d67   Thumb Code     6  y_oled.o(.text)
    OLED_Write_Dat                           0x08007d6d   Thumb Code     2  y_oled.o(.text)
    OLED_Write_Cmd                           0x08007d6f   Thumb Code     2  y_oled.o(.text)
    OLED_SetPos                              0x08007d71   Thumb Code    42  y_oled.o(.text)
    OLED_Set_Pos                             0x08007d9b   Thumb Code     2  y_oled.o(.text)
    OLED_Fill                                0x08007d9d   Thumb Code    40  y_oled.o(.text)
    OLED_Clear                               0x08007dc5   Thumb Code     4  y_oled.o(.text)
    OLED_CLS                                 0x08007dc9   Thumb Code     4  y_oled.o(.text)
    OLED_ClearLine                           0x08007dcd   Thumb Code    32  y_oled.o(.text)
    OLED_ON                                  0x08007ded   Thumb Code    22  y_oled.o(.text)
    OLED_OFF                                 0x08007e03   Thumb Code    22  y_oled.o(.text)
    OLED_Init                                0x08007e19   Thumb Code   242  y_oled.o(.text)
    OLED_ShowChar                            0x08007f0b   Thumb Code   150  y_oled.o(.text)
    OLED_ShowString                          0x08007fa1   Thumb Code   120  y_oled.o(.text)
    OLED_ShowNum                             0x08008019   Thumb Code    82  y_oled.o(.text)
    OLED_ShowSignedNum                       0x0800806b   Thumb Code    84  y_oled.o(.text)
    OLED_ShowHexNum                          0x080080bf   Thumb Code    94  y_oled.o(.text)
    OLED_ShowBinNum                          0x0800811d   Thumb Code    88  y_oled.o(.text)
    OLED_ShowChinese16x16                    0x08008175   Thumb Code    76  y_oled.o(.text)
    OLED_P16x16Ch                            0x080081c1   Thumb Code     2  y_oled.o(.text)
    OLED_ShowColorFont                       0x080081c3   Thumb Code    76  y_oled.o(.text)
    OLED_DrawBMP                             0x0800820f   Thumb Code   102  y_oled.o(.text)
    OLED_P6x8Str                             0x08008275   Thumb Code     4  y_oled.o(.text)
    OLED_P8x16Str                            0x08008279   Thumb Code     4  y_oled.o(.text)
    OLED_ShowStr                             0x0800827d   Thumb Code     2  y_oled.o(.text)
    OLED_TEST                                0x0800827f   Thumb Code    76  y_oled.o(.text)
    ROBOT_Kinematics                         0x08008359   Thumb Code   762  kinematics.o(.text)
    ROBOT_Stop                               0x08008653   Thumb Code    30  kinematics.o(.text)
    setup_kinematics                         0x08008671   Thumb Code    38  kinematics.o(.text)
    kinematics_analysis                      0x08008697   Thumb Code   980  kinematics.o(.text)
    Robot_Task                               0x08008a95   Thumb Code     4  robot.o(.text)
    Bat_Task                                 0x08008a99   Thumb Code   104  robot.o(.text)
    Key_Task                                 0x08008b01   Thumb Code    40  robot.o(.text)
    main                                     0x08008b31   Thumb Code   274  main.o(.text)
    Timer_Task_Count                         0x08008c69   Thumb Code    38  task_manager.o(.text)
    Execute_Task_List_RUN                    0x08008c8f   Thumb Code    44  task_manager.o(.text)
    HFPeriod_1msTask                         0x08008cbb   Thumb Code    98  task_manager.o(.text)
    task_send_Rece                           0x08008e21   Thumb Code    32  task_manager.o(.text)
    Robot_Control                            0x08008e41   Thumb Code    66  task_manager.o(.text)
    KEY_RUN                                  0x08008e83   Thumb Code     2  task_manager.o(.text)
    Task_LED                                 0x08008e85   Thumb Code   128  task_manager.o(.text)
    Task_Manage_List_Init                    0x08008f05   Thumb Code    72  task_manager.o(.text)
    soft_reset                               0x08009005   Thumb Code    36  y_global.o(.text)
    str_contain_str                          0x08009029   Thumb Code    64  y_global.o(.text)
    rewrite_eeprom                           0x08009069   Thumb Code    24  y_global.o(.text)
    zx_uart_send_str                         0x08009081   Thumb Code    48  y_global.o(.text)
    parse_action                             0x080090b1   Thumb Code   668  y_global.o(.text)
    kinematics_move                          0x0800934d   Thumb Code   238  y_global.o(.text)
    getMaxTime                               0x0800943b   Thumb Code    80  y_global.o(.text)
    do_group_once                            0x0800948b   Thumb Code    44  y_global.o(.text)
    int_exchange                             0x080094b7   Thumb Code    10  y_global.o(.text)
    print_group                              0x080094c1   Thumb Code    62  y_global.o(.text)
    parse_cmd                                0x080094ff   Thumb Code  1376  y_global.o(.text)
    others_init                              0x08009a5f   Thumb Code   154  y_global.o(.text)
    selection_sort                           0x08009af9   Thumb Code    64  y_global.o(.text)
    abs_int                                  0x08009b39   Thumb Code     8  y_global.o(.text)
    abs_float                                0x08009b41   Thumb Code    16  y_global.o(.text)
    replace_char                             0x08009b51   Thumb Code    18  y_global.o(.text)
    save_action                              0x08009b63   Thumb Code   226  y_global.o(.text)
    parse_cmd_elf2                           0x08009c45   Thumb Code    66  y_global.o(.text)
    loop_action                              0x08009c87   Thumb Code   120  y_global.o(.text)
    get_action_index                         0x08009cff   Thumb Code   294  y_global.o(.text)
    set_servo                                0x08009e25   Thumb Code   144  y_global.o(.text)
    app_sensor_init                          0x08009edd   Thumb Code    14  app_sensor.o(.text)
    AI_gensui_moshi                          0x08009eeb   Thumb Code    70  app_sensor.o(.text)
    AI_ziyou_bizhang                         0x08009f31   Thumb Code   122  app_sensor.o(.text)
    app_sensor_run                           0x0800a2c3   Thumb Code   126  app_sensor.o(.text)
    app_ps2                                  0x0800a341   Thumb Code   766  app_ps2.o(.text)
    __aeabi_memcpy                           0x0800a675   Thumb Code    36  memcpya.o(.text)
    __aeabi_memcpy4                          0x0800a675   Thumb Code     0  memcpya.o(.text)
    __aeabi_memcpy8                          0x0800a675   Thumb Code     0  memcpya.o(.text)
    __aeabi_memset                           0x0800a699   Thumb Code    14  memseta.o(.text)
    __aeabi_memset4                          0x0800a699   Thumb Code     0  memseta.o(.text)
    __aeabi_memset8                          0x0800a699   Thumb Code     0  memseta.o(.text)
    __aeabi_memclr                           0x0800a6a7   Thumb Code     4  memseta.o(.text)
    __aeabi_memclr4                          0x0800a6a7   Thumb Code     0  memseta.o(.text)
    __aeabi_memclr8                          0x0800a6a7   Thumb Code     0  memseta.o(.text)
    _memset$wrapper                          0x0800a6ab   Thumb Code    18  memseta.o(.text)
    strlen                                   0x0800a6bd   Thumb Code    14  strlen.o(.text)
    strcmp                                   0x0800a6cb   Thumb Code    28  strcmp.o(.text)
    strcpy                                   0x0800a6e7   Thumb Code    18  strcpy.o(.text)
    strncmp                                  0x0800a6f9   Thumb Code    30  strncmp.o(.text)
    __0sscanf                                0x0800a719   Thumb Code    48  __0sscanf.o(.text)
    _scanf_int                               0x0800a751   Thumb Code   332  _scanf_int.o(.text)
    _scanf_real                              0x0800a9c5   Thumb Code     0  scanf_fp.o(.text)
    _scanf_really_real                       0x0800a9c5   Thumb Code   556  scanf_fp.o(.text)
    __aeabi_dadd                             0x0800abfd   Thumb Code   322  dadd.o(.text)
    __aeabi_dsub                             0x0800ad3f   Thumb Code     6  dadd.o(.text)
    __aeabi_drsub                            0x0800ad45   Thumb Code     6  dadd.o(.text)
    __aeabi_dmul                             0x0800ad4b   Thumb Code   228  dmul.o(.text)
    __aeabi_ddiv                             0x0800ae2f   Thumb Code   222  ddiv.o(.text)
    __aeabi_i2d                              0x0800af0d   Thumb Code    34  dflti.o(.text)
    __aeabi_ui2d                             0x0800af2f   Thumb Code    26  dfltui.o(.text)
    __aeabi_d2iz                             0x0800af49   Thumb Code    62  dfixi.o(.text)
    __aeabi_d2uiz                            0x0800af87   Thumb Code    50  dfixui.o(.text)
    __aeabi_f2d                              0x0800afb9   Thumb Code    38  f2d.o(.text)
    __aeabi_cdrcmple                         0x0800afe1   Thumb Code    48  cdrcmple.o(.text)
    __aeabi_d2f                              0x0800b011   Thumb Code    56  d2f.o(.text)
    __aeabi_uldivmod                         0x0800b049   Thumb Code    98  uldiv.o(.text)
    __aeabi_llsl                             0x0800b0ab   Thumb Code    30  llshl.o(.text)
    _ll_shift_l                              0x0800b0ab   Thumb Code     0  llshl.o(.text)
    __aeabi_llsr                             0x0800b0c9   Thumb Code    32  llushr.o(.text)
    _ll_ushift_r                             0x0800b0c9   Thumb Code     0  llushr.o(.text)
    __aeabi_lasr                             0x0800b0e9   Thumb Code    36  llsshr.o(.text)
    _ll_sshift_r                             0x0800b0e9   Thumb Code     0  llsshr.o(.text)
    _chval                                   0x0800b10d   Thumb Code    28  _chval.o(.text)
    __vfscanf_char                           0x0800b135   Thumb Code    20  scanf_char.o(.text)
    _sgetc                                   0x0800b151   Thumb Code    30  _sgetc.o(.text)
    _sbackspace                              0x0800b16f   Thumb Code    34  _sgetc.o(.text)
    __I$use$fp                               0x0800b191   Thumb Code     0  iusefp.o(.text)
    _float_round                             0x0800b191   Thumb Code    18  fepilogue.o(.text)
    _float_epilogue                          0x0800b1a3   Thumb Code    92  fepilogue.o(.text)
    _double_round                            0x0800b1ff   Thumb Code    30  depilogue.o(.text)
    _double_epilogue                         0x0800b21d   Thumb Code   156  depilogue.o(.text)
    _dsqrt                                   0x0800b2b9   Thumb Code   162  dsqrt.o(.text)
    __aeabi_ul2d                             0x0800b35b   Thumb Code    24  dfltul.o(.text)
    __scatterload                            0x0800b375   Thumb Code    28  init.o(.text)
    __scatterload_rt2                        0x0800b375   Thumb Code     0  init.o(.text)
    isspace                                  0x0800b399   Thumb Code    10  isspace_c.o(.text)
    __vfscanf                                0x0800b3a5   Thumb Code   808  _scanf.o(.text)
    __ctype_lookup                           0x0800b6d1   Thumb Code    34  ctype_c.o(.text)
    __decompress                             0x0800b6f9   Thumb Code     0  __dczerorl2.o(.text)
    __decompress1                            0x0800b6f9   Thumb Code    86  __dczerorl2.o(.text)
    __0printf$8                              0x0800b751   Thumb Code    22  printf8.o(i.__0printf$8)
    __1printf$8                              0x0800b751   Thumb Code     0  printf8.o(i.__0printf$8)
    __2printf                                0x0800b751   Thumb Code     0  printf8.o(i.__0printf$8)
    __0snprintf$8                            0x0800b771   Thumb Code    44  printf8.o(i.__0snprintf$8)
    __1snprintf$8                            0x0800b771   Thumb Code     0  printf8.o(i.__0snprintf$8)
    __2snprintf                              0x0800b771   Thumb Code     0  printf8.o(i.__0snprintf$8)
    __0sprintf$8                             0x0800b7a1   Thumb Code    34  printf8.o(i.__0sprintf$8)
    __1sprintf$8                             0x0800b7a1   Thumb Code     0  printf8.o(i.__0sprintf$8)
    __2sprintf                               0x0800b7a1   Thumb Code     0  printf8.o(i.__0sprintf$8)
    __ARM_fpclassify                         0x0800b7c9   Thumb Code    48  fpclassify.o(i.__ARM_fpclassify)
    __ARM_fpclassifyf                        0x0800b7f9   Thumb Code    38  fpclassifyf.o(i.__ARM_fpclassifyf)
    __hardfp_acos                            0x0800b821   Thumb Code   738  acos.o(i.__hardfp_acos)
    __hardfp_atan                            0x0800bb79   Thumb Code   622  atan.o(i.__hardfp_atan)
    __hardfp_atan2f                          0x0800be51   Thumb Code   502  atan2f.o(i.__hardfp_atan2f)
    __hardfp_cos                             0x0800c0a1   Thumb Code   180  cos.o(i.__hardfp_cos)
    __hardfp_sin                             0x0800c169   Thumb Code   180  sin.o(i.__hardfp_sin)
    __hardfp_sqrt                            0x0800c231   Thumb Code   122  sqrt.o(i.__hardfp_sqrt)
    __hardfp_sqrtf                           0x0800c2ab   Thumb Code    58  sqrtf.o(i.__hardfp_sqrtf)
    __ieee754_rem_pio2                       0x0800c2e9   Thumb Code   938  rred.o(i.__ieee754_rem_pio2)
    __kernel_cos                             0x0800c721   Thumb Code   322  cos_i.o(i.__kernel_cos)
    __kernel_poly                            0x0800c891   Thumb Code   248  poly.o(i.__kernel_poly)
    __kernel_sin                             0x0800c989   Thumb Code   280  sin_i.o(i.__kernel_sin)
    __mathlib_dbl_infnan                     0x0800cab9   Thumb Code    20  dunder.o(i.__mathlib_dbl_infnan)
    __mathlib_dbl_invalid                    0x0800cad1   Thumb Code    24  dunder.o(i.__mathlib_dbl_invalid)
    __mathlib_dbl_underflow                  0x0800caf1   Thumb Code    24  dunder.o(i.__mathlib_dbl_underflow)
    __mathlib_flt_infnan2                    0x0800cb11   Thumb Code     6  funder.o(i.__mathlib_flt_infnan2)
    __mathlib_flt_underflow                  0x0800cb19   Thumb Code    10  funder.o(i.__mathlib_flt_underflow)
    __scatterload_copy                       0x0800cb29   Thumb Code    14  handlers.o(i.__scatterload_copy)
    __scatterload_null                       0x0800cb37   Thumb Code     2  handlers.o(i.__scatterload_null)
    __scatterload_zeroinit                   0x0800cb39   Thumb Code    14  handlers.o(i.__scatterload_zeroinit)
    __set_errno                              0x0800cb49   Thumb Code     6  errno.o(i.__set_errno)
    _is_digit                                0x0800cb55   Thumb Code    14  scanf_fp.o(i._is_digit)
    fabs                                     0x0800cfe7   Thumb Code    24  fabs.o(i.fabs)
    sqrt                                     0x0800cfff   Thumb Code   110  sqrt.o(i.sqrt)
    F6x8                                     0x0800d258   Data         552  y_oled.o(.constdata)
    F8X16                                    0x0800d480   Data        1520  y_oled.o(.constdata)
    __ctype_categories                       0x0800dc78   Data          64  ctype_c.o(.constdata)
    Region$$Table$$Base                      0x0800dfb0   Number         0  anon$$obj.o(Region$$Table)
    Region$$Table$$Limit                     0x0800dfd0   Number         0  anon$$obj.o(Region$$Table)
    SystemCoreClock                          0x20000000   Data           4  system_stm32f4xx.o(.data)
    AHBPrescTable                            0x20000004   Data          16  system_stm32f4xx.o(.data)
    start_toggle                             0x20000024   Data           1  usbh_hid_core.o(.data)
    HID_cb                                   0x20000028   Data          16  usbh_hid_core.o(.data)
    ps2_do_ok                                0x20000038   Data           1  usbh_hid_gamepad.o(.data)
    HID_GAMEPAD_cb                           0x2000003c   Data           8  usbh_hid_gamepad.o(.data)
    HID_KEYBRD_cb                            0x20000044   Data           8  usbh_hid_keybd.o(.data)
    HID_MOUSE_cb                             0x20000064   Data           8  usbh_hid_mouse.o(.data)
    HID_MOUSE_Data                           0x2000006c   Data           4  usbh_hid_mouse.o(.data)
    USBH_HCD_INT_cb                          0x20000070   Data          20  usbh_core.o(.data)
    USBH_HCD_INT_fops                        0x20000084   Data           4  usbh_core.o(.data)
    bDeviceState                             0x2000008e   Data           1  usbh_usr.o(.data)
    USR_Callbacks                            0x20000090   Data          72  usbh_usr.o(.data)
    ch3_tim_value                            0x20000138   Data           4  y_spwm.o(.data)
    i                                        0x20000144   Data           4  y_w25q64.o(.data)
    GPIO_InitStructure                       0x20000148   Data           8  y_w25q64.o(.data)
    FONT_COLOR                               0x20000152   Data         160  y_oled.o(.data)
    F16x16                                   0x200001f2   Data         128  y_oled.o(.data)
    BMP1                                     0x20000272   Data         512  y_oled.o(.data)
    motor_kp                                 0x20000472   Data           2  robot.o(.data)
    motor_kd                                 0x20000474   Data           2  robot.o(.data)
    Bat_Vol                                  0x20000478   Data           2  robot.o(.data)
    imu_acc_data                             0x2000047a   Data           6  robot.o(.data)
    imu_gyro_data                            0x20000480   Data           6  robot.o(.data)
    pitch                                    0x20000488   Data           4  main.o(.data)
    roll                                     0x2000048c   Data           4  main.o(.data)
    yaw                                      0x20000490   Data           4  main.o(.data)
    AI_mode                                  0x20000498   Data           1  y_global.o(.data)
    group_do_ok                              0x20000499   Data           1  y_global.o(.data)
    forbid_turn                              0x2000049a   Data           1  y_global.o(.data)
    uart_receive_num                         0x2000049b   Data           1  y_global.o(.data)
    uart1_get_ok                             0x2000049c   Data           2  y_global.o(.data)
    action_time                              0x200004a0   Data           4  y_global.o(.data)
    do_start_index                           0x200004a4   Data           4  y_global.o(.data)
    do_time                                  0x200004a8   Data           4  y_global.o(.data)
    group_num_start                          0x200004ac   Data           4  y_global.o(.data)
    group_num_end                            0x200004b0   Data           4  y_global.o(.data)
    group_num_times                          0x200004b4   Data           4  y_global.o(.data)
    uart1_mode                               0x200004c0   Data           1  y_global.o(.data)
    xunji_mode                               0x200004c4   Data           1  app_sensor.o(.data)
    IR_X3                                    0x200004c9   Data           1  app_sensor.o(.data)
    IR_X2                                    0x200004ca   Data           1  app_sensor.o(.data)
    IR_X4                                    0x200004cb   Data           1  app_sensor.o(.data)
    IR_X1                                    0x200004cc   Data           1  app_sensor.o(.data)
    trackState                               0x200004d0   Data           4  app_sensor.o(.data)
    flag_F                                   0x200004e8   Data           4  app_sensor.o(.data)
    forbid_F                                 0x200004ec   Data           4  app_sensor.o(.data)
    ps2_cmd_grn                              0x200004f8   Data          64  app_ps2.o(.data)
    pre_cmd_set_grn                          0x20000538   Data          64  app_ps2.o(.data)
    __stdout                                 0x20000578   Data           4  stdout.o(.data)
    HID_Machine                              0x20000580   Data          84  usbh_hid_core.o(.bss)
    ps2_buf                                  0x200005d4   Data          12  usbh_hid_gamepad.o(.bss)
    USBH_CfgDesc                             0x200005e0   Data         512  usbh_stdreq.o(.bss)
    SPI_InitStructure                        0x2000081c   Data          18  y_w25q64.o(.bss)
    W25Q_BUF                                 0x2000082e   Data        4096  y_w25q64.o(.bss)
    duoji_doing                              0x20001830   Data          96  y_servo.o(.bss)
    g_mpu6050                                0x20001890   Data          64  y_mpu6050.o(.bss)
    kinematics                               0x200018d0   Data          88  kinematics.o(.bss)
    Vel                                      0x20001928   Data          36  robot.o(.bss)
    Wheel_A                                  0x20001950   Data          16  robot.o(.bss)
    Wheel_B                                  0x20001960   Data          16  robot.o(.bss)
    Wheel_C                                  0x20001970   Data          16  robot.o(.bss)
    Wheel_D                                  0x20001980   Data          16  robot.o(.bss)
    USB_OTG_Core_dev                         0x20001990   Data        1456  main.o(.bss)
    USB_Host                                 0x20001f40   Data         132  main.o(.bss)
    TasksPare                                0x20001fc4   Data          40  task_manager.o(.bss)
    cmd_return                               0x20001fec   Data        1024  y_global.o(.bss)
    eeprom_info                              0x200023ec   Data         196  y_global.o(.bss)
    uart_receive_buf                         0x200024b0   Data        1024  y_global.o(.bss)
    __initial_sp                             0x20002cb0   Data           0  startup_stm32f40_41xxx.o(STACK)



==============================================================================

Memory Map of the image

  Image Entry point : 0x08000189

  Load Region LR_IROM1 (Base: 0x08000000, Size: 0x0000e550, Max: 0x00080000, ABSOLUTE, COMPRESSED[0x0000e300])

    Execution Region ER_IROM1 (Exec base: 0x08000000, Load base: 0x08000000, Size: 0x0000dfd0, Max: 0x00080000, ABSOLUTE)

    Exec Addr    Load Addr    Size         Type   Attr      Idx    E Section Name        Object

    0x08000000   0x08000000   0x00000188   Data   RO          159    RESET               startup_stm32f40_41xxx.o
    0x08000188   0x08000188   0x00000000   Code   RO         1829  * .ARM.Collect$$$$00000000  mc_w.l(entry.o)
    0x08000188   0x08000188   0x00000004   Code   RO         2189    .ARM.Collect$$$$00000001  mc_w.l(entry2.o)
    0x0800018c   0x0800018c   0x00000004   Code   RO         2192    .ARM.Collect$$$$00000004  mc_w.l(entry5.o)
    0x08000190   0x08000190   0x00000000   Code   RO         2194    .ARM.Collect$$$$00000008  mc_w.l(entry7b.o)
    0x08000190   0x08000190   0x00000000   Code   RO         2196    .ARM.Collect$$$$0000000A  mc_w.l(entry8b.o)
    0x08000190   0x08000190   0x00000008   Code   RO         2197    .ARM.Collect$$$$0000000B  mc_w.l(entry9a.o)
    0x08000198   0x08000198   0x00000000   Code   RO         2199    .ARM.Collect$$$$0000000D  mc_w.l(entry10a.o)
    0x08000198   0x08000198   0x00000000   Code   RO         2201    .ARM.Collect$$$$0000000F  mc_w.l(entry11a.o)
    0x08000198   0x08000198   0x00000004   Code   RO         2190    .ARM.Collect$$$$00002712  mc_w.l(entry2.o)
    0x0800019c   0x0800019c   0x00000010   Code   RO            3    .text               stm32f4xx_it.o
    0x080001ac   0x080001ac   0x0000017c   Code   RO          133    .text               system_stm32f4xx.o
    0x08000328   0x08000328   0x00000024   Code   RO          160    .text               startup_stm32f40_41xxx.o
    0x0800034c   0x0800034c   0x000000b0   Code   RO          166    .text               misc.o
    0x080003fc   0x080003fc   0x00000354   Code   RO          186    .text               stm32f4xx_adc.o
    0x08000750   0x08000750   0x00000238   Code   RO          266    .text               stm32f4xx_gpio.o
    0x08000988   0x08000988   0x00000480   Code   RO          306    .text               stm32f4xx_rcc.o
    0x08000e08   0x08000e08   0x0000032c   Code   RO          369    .text               stm32f4xx_spi.o
    0x08001134   0x08001134   0x000009dc   Code   RO          409    .text               stm32f4xx_tim.o
    0x08001b10   0x08001b10   0x00000358   Code   RO          430    .text               stm32f4xx_usart.o
    0x08001e68   0x08001e68   0x0000096c   Code   RO          490    .text               usbh_hid_core.o
    0x080027d4   0x080027d4   0x00000024   Code   RO          774    .text               usbh_hid_gamepad.o
    0x080027f8   0x080027f8   0x000000f4   Code   RO          805    .text               usbh_hid_keybd.o
    0x080028ec   0x080028ec   0x0000001c   Code   RO          832    .text               usbh_hid_mouse.o
    0x08002908   0x08002908   0x00000670   Code   RO          858    .text               usbh_core.o
    0x08002f78   0x08002f78   0x000000ec   Code   RO          888    .text               usbh_hcs.o
    0x08003064   0x08003064   0x000001b2   Code   RO          908    .text               usbh_ioreq.o
    0x08003216   0x08003216   0x00000002   PAD
    0x08003218   0x08003218   0x00000378   Code   RO          928    .text               usbh_stdreq.o
    0x08003590   0x08003590   0x00000e7c   Code   RO          956    .text               usb_hcd_int.o
    0x0800440c   0x0800440c   0x000000b2   Code   RO          980    .text               usb_hcd.o
    0x080044be   0x080044be   0x00000002   PAD
    0x080044c0   0x080044c0   0x000006f8   Code   RO         1000    .text               usb_core.o
    0x08004bb8   0x08004bb8   0x00000098   Code   RO         1021    .text               usb_bsp.o
    0x08004c50   0x08004c50   0x000003b0   Code   RO         1042    .text               usbh_usr.o
    0x08005000   0x08005000   0x00000864   Code   RO         1078    .text               gpio_int.o
    0x08005864   0x08005864   0x000000ac   Code   RO         1098    .text               sys.o
    0x08005910   0x08005910   0x000001c8   Code   RO         1144    .text               uart1.o
    0x08005ad8   0x08005ad8   0x00000188   Code   RO         1166    .text               uart2.o
    0x08005c60   0x08005c60   0x00000184   Code   RO         1188    .text               y_zx_uart3.o
    0x08005de4   0x08005de4   0x00000188   Code   RO         1209    .text               uart4.o
    0x08005f6c   0x08005f6c   0x00000198   Code   RO         1231    .text               uart6.o
    0x08006104   0x08006104   0x00000078   Code   RO         1253    .text               y_beep.o
    0x0800617c   0x0800617c   0x000002d8   Code   RO         1273    .text               y_motor.o
    0x08006454   0x08006454   0x000001e8   Code   RO         1294    .text               y_sbus.o
    0x0800663c   0x0800663c   0x0000034c   Code   RO         1323    .text               y_spwm.o
    0x08006988   0x08006988   0x000000c0   Code   RO         1349    .text               y_switch.o
    0x08006a48   0x08006a48   0x00000664   Code   RO         1369    .text               y_w25q64.o
    0x080070ac   0x080070ac   0x00000418   Code   RO         1394    .text               y_servo.o
    0x080074c4   0x080074c4   0x000005bc   Code   RO         1421    .text               y_mpu6050.o
    0x08007a80   0x08007a80   0x0000021c   Code   RO         1458    .text               y_myiic.o
    0x08007c9c   0x08007c9c   0x000006bc   Code   RO         1484    .text               y_oled.o
    0x08008358   0x08008358   0x0000073c   Code   RO         1532    .text               kinematics.o
    0x08008a94   0x08008a94   0x0000009c   Code   RO         1558    .text               robot.o
    0x08008b30   0x08008b30   0x00000138   Code   RO         1599    .text               main.o
    0x08008c68   0x08008c68   0x0000039c   Code   RO         1626    .text               task_manager.o
    0x08009004   0x08009004   0x00000ed8   Code   RO         1652    .text               y_global.o
    0x08009edc   0x08009edc   0x00000464   Code   RO         1691    .text               app_sensor.o
    0x0800a340   0x0800a340   0x00000334   Code   RO         1715    .text               app_ps2.o
    0x0800a674   0x0800a674   0x00000024   Code   RO         1832    .text               mc_w.l(memcpya.o)
    0x0800a698   0x0800a698   0x00000024   Code   RO         1834    .text               mc_w.l(memseta.o)
    0x0800a6bc   0x0800a6bc   0x0000000e   Code   RO         1836    .text               mc_w.l(strlen.o)
    0x0800a6ca   0x0800a6ca   0x0000001c   Code   RO         1838    .text               mc_w.l(strcmp.o)
    0x0800a6e6   0x0800a6e6   0x00000012   Code   RO         1840    .text               mc_w.l(strcpy.o)
    0x0800a6f8   0x0800a6f8   0x0000001e   Code   RO         1842    .text               mc_w.l(strncmp.o)
    0x0800a716   0x0800a716   0x00000002   PAD
    0x0800a718   0x0800a718   0x00000038   Code   RO         2107    .text               mc_w.l(__0sscanf.o)
    0x0800a750   0x0800a750   0x0000014c   Code   RO         2109    .text               mc_w.l(_scanf_int.o)
    0x0800a89c   0x0800a89c   0x00000360   Code   RO         2111    .text               mc_w.l(scanf_fp.o)
    0x0800abfc   0x0800abfc   0x0000014e   Code   RO         2115    .text               mf_w.l(dadd.o)
    0x0800ad4a   0x0800ad4a   0x000000e4   Code   RO         2117    .text               mf_w.l(dmul.o)
    0x0800ae2e   0x0800ae2e   0x000000de   Code   RO         2119    .text               mf_w.l(ddiv.o)
    0x0800af0c   0x0800af0c   0x00000022   Code   RO         2121    .text               mf_w.l(dflti.o)
    0x0800af2e   0x0800af2e   0x0000001a   Code   RO         2123    .text               mf_w.l(dfltui.o)
    0x0800af48   0x0800af48   0x0000003e   Code   RO         2125    .text               mf_w.l(dfixi.o)
    0x0800af86   0x0800af86   0x00000032   Code   RO         2127    .text               mf_w.l(dfixui.o)
    0x0800afb8   0x0800afb8   0x00000026   Code   RO         2129    .text               mf_w.l(f2d.o)
    0x0800afde   0x0800afde   0x00000002   PAD
    0x0800afe0   0x0800afe0   0x00000030   Code   RO         2131    .text               mf_w.l(cdrcmple.o)
    0x0800b010   0x0800b010   0x00000038   Code   RO         2133    .text               mf_w.l(d2f.o)
    0x0800b048   0x0800b048   0x00000062   Code   RO         2206    .text               mc_w.l(uldiv.o)
    0x0800b0aa   0x0800b0aa   0x0000001e   Code   RO         2208    .text               mc_w.l(llshl.o)
    0x0800b0c8   0x0800b0c8   0x00000020   Code   RO         2210    .text               mc_w.l(llushr.o)
    0x0800b0e8   0x0800b0e8   0x00000024   Code   RO         2212    .text               mc_w.l(llsshr.o)
    0x0800b10c   0x0800b10c   0x0000001c   Code   RO         2221    .text               mc_w.l(_chval.o)
    0x0800b128   0x0800b128   0x00000028   Code   RO         2223    .text               mc_w.l(scanf_char.o)
    0x0800b150   0x0800b150   0x00000040   Code   RO         2225    .text               mc_w.l(_sgetc.o)
    0x0800b190   0x0800b190   0x00000000   Code   RO         2227    .text               mc_w.l(iusefp.o)
    0x0800b190   0x0800b190   0x0000006e   Code   RO         2228    .text               mf_w.l(fepilogue.o)
    0x0800b1fe   0x0800b1fe   0x000000ba   Code   RO         2230    .text               mf_w.l(depilogue.o)
    0x0800b2b8   0x0800b2b8   0x000000a2   Code   RO         2234    .text               mf_w.l(dsqrt.o)
    0x0800b35a   0x0800b35a   0x00000018   Code   RO         2236    .text               mf_w.l(dfltul.o)
    0x0800b372   0x0800b372   0x00000002   PAD
    0x0800b374   0x0800b374   0x00000024   Code   RO         2242    .text               mc_w.l(init.o)
    0x0800b398   0x0800b398   0x0000000a   Code   RO         2244    .text               mc_w.l(isspace_c.o)
    0x0800b3a2   0x0800b3a2   0x00000002   PAD
    0x0800b3a4   0x0800b3a4   0x0000032c   Code   RO         2246    .text               mc_w.l(_scanf.o)
    0x0800b6d0   0x0800b6d0   0x00000028   Code   RO         2248    .text               mc_w.l(ctype_c.o)
    0x0800b6f8   0x0800b6f8   0x00000056   Code   RO         2259    .text               mc_w.l(__dczerorl2.o)
    0x0800b74e   0x0800b74e   0x00000002   PAD
    0x0800b750   0x0800b750   0x00000020   Code   RO         2053    i.__0printf$8       mc_w.l(printf8.o)
    0x0800b770   0x0800b770   0x00000030   Code   RO         2054    i.__0snprintf$8     mc_w.l(printf8.o)
    0x0800b7a0   0x0800b7a0   0x00000028   Code   RO         2055    i.__0sprintf$8      mc_w.l(printf8.o)
    0x0800b7c8   0x0800b7c8   0x00000030   Code   RO         2158    i.__ARM_fpclassify  m_wm.l(fpclassify.o)
    0x0800b7f8   0x0800b7f8   0x00000026   Code   RO         2160    i.__ARM_fpclassifyf  m_wm.l(fpclassifyf.o)
    0x0800b81e   0x0800b81e   0x00000002   PAD
    0x0800b820   0x0800b820   0x00000358   Code   RO         1741    i.__hardfp_acos     m_wm.l(acos.o)
    0x0800bb78   0x0800bb78   0x000002d8   Code   RO         1755    i.__hardfp_atan     m_wm.l(atan.o)
    0x0800be50   0x0800be50   0x00000250   Code   RO         1769    i.__hardfp_atan2f   m_wm.l(atan2f.o)
    0x0800c0a0   0x0800c0a0   0x000000c8   Code   RO         1781    i.__hardfp_cos      m_wm.l(cos.o)
    0x0800c168   0x0800c168   0x000000c8   Code   RO         1793    i.__hardfp_sin      m_wm.l(sin.o)
    0x0800c230   0x0800c230   0x0000007a   Code   RO         1805    i.__hardfp_sqrt     m_wm.l(sqrt.o)
    0x0800c2aa   0x0800c2aa   0x0000003a   Code   RO         1817    i.__hardfp_sqrtf    m_wm.l(sqrtf.o)
    0x0800c2e4   0x0800c2e4   0x00000004   PAD
    0x0800c2e8   0x0800c2e8   0x00000438   Code   RO         2178    i.__ieee754_rem_pio2  m_wm.l(rred.o)
    0x0800c720   0x0800c720   0x00000170   Code   RO         2135    i.__kernel_cos      m_wm.l(cos_i.o)
    0x0800c890   0x0800c890   0x000000f8   Code   RO         2176    i.__kernel_poly     m_wm.l(poly.o)
    0x0800c988   0x0800c988   0x00000130   Code   RO         2183    i.__kernel_sin      m_wm.l(sin_i.o)
    0x0800cab8   0x0800cab8   0x00000014   Code   RO         2139    i.__mathlib_dbl_infnan  m_wm.l(dunder.o)
    0x0800cacc   0x0800cacc   0x00000004   PAD
    0x0800cad0   0x0800cad0   0x00000020   Code   RO         2141    i.__mathlib_dbl_invalid  m_wm.l(dunder.o)
    0x0800caf0   0x0800caf0   0x00000020   Code   RO         2144    i.__mathlib_dbl_underflow  m_wm.l(dunder.o)
    0x0800cb10   0x0800cb10   0x00000006   Code   RO         2164    i.__mathlib_flt_infnan2  m_wm.l(funder.o)
    0x0800cb16   0x0800cb16   0x00000002   PAD
    0x0800cb18   0x0800cb18   0x00000010   Code   RO         2168    i.__mathlib_flt_underflow  m_wm.l(funder.o)
    0x0800cb28   0x0800cb28   0x0000000e   Code   RO         2253    i.__scatterload_copy  mc_w.l(handlers.o)
    0x0800cb36   0x0800cb36   0x00000002   Code   RO         2254    i.__scatterload_null  mc_w.l(handlers.o)
    0x0800cb38   0x0800cb38   0x0000000e   Code   RO         2255    i.__scatterload_zeroinit  mc_w.l(handlers.o)
    0x0800cb46   0x0800cb46   0x00000002   PAD
    0x0800cb48   0x0800cb48   0x0000000c   Code   RO         2216    i.__set_errno       mc_w.l(errno.o)
    0x0800cb54   0x0800cb54   0x0000000e   Code   RO         2113    i._is_digit         mc_w.l(scanf_fp.o)
    0x0800cb62   0x0800cb62   0x00000002   PAD
    0x0800cb64   0x0800cb64   0x00000410   Code   RO         2060    i._printf_core      mc_w.l(printf8.o)
    0x0800cf74   0x0800cf74   0x00000024   Code   RO         2061    i._printf_post_padding  mc_w.l(printf8.o)
    0x0800cf98   0x0800cf98   0x0000002e   Code   RO         2062    i._printf_pre_padding  mc_w.l(printf8.o)
    0x0800cfc6   0x0800cfc6   0x00000016   Code   RO         2063    i._snputc           mc_w.l(printf8.o)
    0x0800cfdc   0x0800cfdc   0x0000000a   Code   RO         2064    i._sputc            mc_w.l(printf8.o)
    0x0800cfe6   0x0800cfe6   0x00000018   Code   RO         2154    i.fabs              m_wm.l(fabs.o)
    0x0800cffe   0x0800cffe   0x0000006e   Code   RO         1807    i.sqrt              m_wm.l(sqrt.o)
    0x0800d06c   0x0800d06c   0x000001ec   Data   RO          806    .constdata          usbh_hid_keybd.o
    0x0800d258   0x0800d258   0x00000818   Data   RO         1485    .constdata          y_oled.o
    0x0800da70   0x0800da70   0x00000050   Data   RO         1744    .constdata          m_wm.l(acos.o)
    0x0800dac0   0x0800dac0   0x00000098   Data   RO         1758    .constdata          m_wm.l(atan.o)
    0x0800db58   0x0800db58   0x00000030   Data   RO         2136    .constdata          m_wm.l(cos_i.o)
    0x0800db88   0x0800db88   0x000000c8   Data   RO         2180    .constdata          m_wm.l(rred.o)
    0x0800dc50   0x0800dc50   0x00000028   Data   RO         2184    .constdata          m_wm.l(sin_i.o)
    0x0800dc78   0x0800dc78   0x00000040   Data   RO         2249    .constdata          mc_w.l(ctype_c.o)
    0x0800dcb8   0x0800dcb8   0x00000095   Data   RO          494    .conststring        usbh_hid_core.o
    0x0800dd4d   0x0800dd4d   0x00000003   PAD
    0x0800dd50   0x0800dd50   0x0000025d   Data   RO         1716    .conststring        app_ps2.o
    0x0800dfad   0x0800dfad   0x00000003   PAD
    0x0800dfb0   0x0800dfb0   0x00000020   Data   RO         2251    Region$$Table       anon$$obj.o


    Execution Region RW_IRAM1 (Exec base: 0x20000000, Load base: 0x0800dfd0, Size: 0x00002cb0, Max: 0x00020000, ABSOLUTE, COMPRESSED[0x00000330])

    Exec Addr    Load Addr    Size         Type   Attr      Idx    E Section Name        Object

    0x20000000   COMPRESSED   0x00000014   Data   RW          134    .data               system_stm32f4xx.o
    0x20000014   COMPRESSED   0x00000010   Data   RW          307    .data               stm32f4xx_rcc.o
    0x20000024   COMPRESSED   0x00000001   Data   RW          495    .data               usbh_hid_core.o
    0x20000025   COMPRESSED   0x00000003   PAD
    0x20000028   COMPRESSED   0x00000010   Data   RW          496    .data               usbh_hid_core.o
    0x20000038   COMPRESSED   0x00000001   Data   RW          776    .data               usbh_hid_gamepad.o
    0x20000039   COMPRESSED   0x00000003   PAD
    0x2000003c   COMPRESSED   0x00000008   Data   RW          777    .data               usbh_hid_gamepad.o
    0x20000044   COMPRESSED   0x00000008   Data   RW          807    .data               usbh_hid_keybd.o
    0x2000004c   COMPRESSED   0x00000017   Data   RW          808    .data               usbh_hid_keybd.o
    0x20000063   COMPRESSED   0x00000001   PAD
    0x20000064   COMPRESSED   0x00000008   Data   RW          833    .data               usbh_hid_mouse.o
    0x2000006c   COMPRESSED   0x00000004   Data   RW          834    .data               usbh_hid_mouse.o
    0x20000070   COMPRESSED   0x00000014   Data   RW          859    .data               usbh_core.o
    0x20000084   COMPRESSED   0x00000004   Data   RW          860    .data               usbh_core.o
    0x20000088   COMPRESSED   0x00000002   Data   RW          862    .data               usbh_core.o
    0x2000008a   COMPRESSED   0x00000004   Data   RW          930    .data               usbh_stdreq.o
    0x2000008e   COMPRESSED   0x00000001   Data   RW         1043    .data               usbh_usr.o
    0x2000008f   COMPRESSED   0x00000001   PAD
    0x20000090   COMPRESSED   0x00000048   Data   RW         1045    .data               usbh_usr.o
    0x200000d8   COMPRESSED   0x00000004   Data   RW         1099    .data               sys.o
    0x200000dc   COMPRESSED   0x00000002   Data   RW         1145    .data               uart1.o
    0x200000de   COMPRESSED   0x00000002   Data   RW         1167    .data               uart2.o
    0x200000e0   COMPRESSED   0x00000002   Data   RW         1189    .data               y_zx_uart3.o
    0x200000e2   COMPRESSED   0x00000002   Data   RW         1210    .data               uart4.o
    0x200000e4   COMPRESSED   0x00000002   Data   RW         1232    .data               uart6.o
    0x200000e6   COMPRESSED   0x00000002   PAD
    0x200000e8   COMPRESSED   0x00000028   Data   RW         1274    .data               y_motor.o
    0x20000110   COMPRESSED   0x00000001   Data   RW         1296    .data               y_sbus.o
    0x20000111   COMPRESSED   0x00000003   PAD
    0x20000114   COMPRESSED   0x0000002c   Data   RW         1324    .data               y_spwm.o
    0x20000140   COMPRESSED   0x00000010   Data   RW         1371    .data               y_w25q64.o
    0x20000150   COMPRESSED   0x00000002   Data   RW         1396    .data               y_servo.o
    0x20000152   COMPRESSED   0x00000320   Data   RW         1486    .data               y_oled.o
    0x20000472   COMPRESSED   0x00000002   Data   RW         1566    .data               robot.o
    0x20000474   COMPRESSED   0x00000002   Data   RW         1567    .data               robot.o
    0x20000476   COMPRESSED   0x00000004   Data   RW         1569    .data               robot.o
    0x2000047a   COMPRESSED   0x00000006   Data   RW         1571    .data               robot.o
    0x20000480   COMPRESSED   0x00000006   Data   RW         1572    .data               robot.o
    0x20000486   COMPRESSED   0x00000002   PAD
    0x20000488   COMPRESSED   0x00000004   Data   RW         1601    .data               main.o
    0x2000048c   COMPRESSED   0x00000004   Data   RW         1602    .data               main.o
    0x20000490   COMPRESSED   0x00000004   Data   RW         1603    .data               main.o
    0x20000494   COMPRESSED   0x00000001   Data   RW         1629    .data               task_manager.o
    0x20000495   COMPRESSED   0x00000003   PAD
    0x20000498   COMPRESSED   0x00000028   Data   RW         1654    .data               y_global.o
    0x200004c0   COMPRESSED   0x00000001   Data   RW         1657    .data               y_global.o
    0x200004c1   COMPRESSED   0x00000003   PAD
    0x200004c4   COMPRESSED   0x0000002c   Data   RW         1692    .data               app_sensor.o
    0x200004f0   COMPRESSED   0x00000088   Data   RW         1717    .data               app_ps2.o
    0x20000578   COMPRESSED   0x00000004   Data   RW         2203    .data               mc_w.l(stdout.o)
    0x2000057c   COMPRESSED   0x00000004   Data   RW         2217    .data               mc_w.l(errno.o)
    0x20000580        -       0x00000054   Zero   RW          491    .bss                usbh_hid_core.o
    0x200005d4        -       0x0000000c   Zero   RW          775    .bss                usbh_hid_gamepad.o
    0x200005e0        -       0x00000200   Zero   RW          929    .bss                usbh_stdreq.o
    0x200007e0        -       0x0000003c   Zero   RW         1295    .bss                y_sbus.o
    0x2000081c        -       0x00001012   Zero   RW         1370    .bss                y_w25q64.o
    0x2000182e   COMPRESSED   0x00000002   PAD
    0x20001830        -       0x00000060   Zero   RW         1395    .bss                y_servo.o
    0x20001890        -       0x00000040   Zero   RW         1422    .bss                y_mpu6050.o
    0x200018d0        -       0x00000058   Zero   RW         1533    .bss                kinematics.o
    0x20001928        -       0x00000024   Zero   RW         1560    .bss                robot.o
    0x2000194c   COMPRESSED   0x00000004   PAD
    0x20001950        -       0x00000010   Zero   RW         1561    .bss                robot.o
    0x20001960        -       0x00000010   Zero   RW         1562    .bss                robot.o
    0x20001970        -       0x00000010   Zero   RW         1563    .bss                robot.o
    0x20001980        -       0x00000010   Zero   RW         1564    .bss                robot.o
    0x20001990        -       0x00000634   Zero   RW         1600    .bss                main.o
    0x20001fc4        -       0x00000028   Zero   RW         1627    .bss                task_manager.o
    0x20001fec        -       0x000008c4   Zero   RW         1653    .bss                y_global.o
    0x200028b0        -       0x00000400   Zero   RW          157    STACK               startup_stm32f40_41xxx.o


==============================================================================

Image component sizes


      Code (inc. data)   RO Data    RW Data    ZI Data      Debug   Object Name

       820         54        605        136          0       1948   app_ps2.o
      1124         42          0         44          0       3134   app_sensor.o
      2148         90          0          0          0       6497   gpio_int.o
      1852        128          0          0         88       3568   kinematics.o
       312         38          0         12       1588        978   main.o
       176         12          0          0          0       1973   misc.o
       156          8          0         20        100       3936   robot.o
        36          8        392          0       1024        840   startup_stm32f40_41xxx.o
       852         20          0          0          0      10862   stm32f4xx_adc.o
       568         46          0          0          0       4553   stm32f4xx_gpio.o
        16          0          0          0          0     304882   stm32f4xx_it.o
      1152         48          0         16          0      13376   stm32f4xx_rcc.o
       812         38          0          0          0       7357   stm32f4xx_spi.o
      2524         52          0          0          0      23062   stm32f4xx_tim.o
       856         32          0          0          0       8208   stm32f4xx_usart.o
       172         10          0          4          0      28268   sys.o
       380         36          0         20          0       1999   system_stm32f4xx.o
       924        184          0          1         40       3278   task_manager.o
       456         28          0          2          0       2088   uart1.o
       392         26          0          2          0       1684   uart2.o
       392         24          0          2          0       1691   uart4.o
       408         30          0          2          0       1720   uart6.o
       152          8          0          0          0       2313   usb_bsp.o
      1784         16          0          0          0      10412   usb_core.o
       178          0          0          0          0       3086   usb_hcd.o
      3708         10          0          0          0       6755   usb_hcd_int.o
      1648         46          0         26          0       7628   usbh_core.o
       236          0          0          0          0       2660   usbh_hcs.o
      2412       1176        149         17         84     318582   usbh_hid_core.o
        36          8          0          9         12       2904   usbh_hid_gamepad.o
       244         12        492         31          0       1836   usbh_hid_keybd.o
        28          4          0         12          0       1550   usbh_hid_mouse.o
       434          0          0          0          0       4376   usbh_ioreq.o
       888         10          0          4        512       6595   usbh_stdreq.o
       944        690          0         73          0       5012   usbh_usr.o
       120          6          0          0          0        802   y_beep.o
      3800        738          0         41       2244      12518   y_global.o
       728         24          0         40          0       2890   y_motor.o
      1468         56          0          0         64       9019   y_mpu6050.o
       540          8          0          0          0       2056   y_myiic.o
      1724         60       2072        800          0      10839   y_oled.o
       488         40          0          1         60       1573   y_sbus.o
      1048         52          0          2         96       4355   y_servo.o
       844         44          0         44          0       2348   y_spwm.o
       192         10          0          0          0       1247   y_switch.o
      1636         50          0         16       4114       7366   y_w25q64.o
       388         28          0          2          0       1547   y_zx_uart3.o

    ----------------------------------------------------------------------
     42200       4050       3748       1400      10032     866171   Object Totals
         0          0         32          0          0          0   (incl. Generated)
         4          0          6         21          6          0   (incl. Padding)

    ----------------------------------------------------------------------

      Code (inc. data)   RO Data    RW Data    ZI Data      Debug   Library Member Name

       856        118         80          0          0        288   acos.o
       728        106        152          0          0        228   atan.o
       592         90          0          0          0        184   atan2f.o
       200         20          0          0          0        164   cos.o
       368         46         48          0          0        200   cos_i.o
        84         16          0          0          0        372   dunder.o
        24          0          0          0          0        124   fabs.o
        48          0          0          0          0        124   fpclassify.o
        38          0          0          0          0        116   fpclassifyf.o
        22          6          0          0          0        232   funder.o
       248          0          0          0          0        152   poly.o
      1080        142        200          0          0        188   rred.o
       200         20          0          0          0        164   sin.o
       304         24         40          0          0        208   sin_i.o
       232          0          0          0          0        296   sqrt.o
        58          0          0          0          0        136   sqrtf.o
        56          8          0          0          0         84   __0sscanf.o
        86          0          0          0          0          0   __dczerorl2.o
        28          0          0          0          0         68   _chval.o
       812          4          0          0          0        112   _scanf.o
       332          0          0          0          0         96   _scanf_int.o
        64          0          0          0          0         84   _sgetc.o
        40          6         64          0          0         68   ctype_c.o
         0          0          0          0          0          0   entry.o
         0          0          0          0          0          0   entry10a.o
         0          0          0          0          0          0   entry11a.o
         8          4          0          0          0          0   entry2.o
         4          0          0          0          0          0   entry5.o
         0          0          0          0          0          0   entry7b.o
         0          0          0          0          0          0   entry8b.o
         8          4          0          0          0          0   entry9a.o
        12          6          0          4          0         68   errno.o
        30          0          0          0          0          0   handlers.o
        36          8          0          0          0         68   init.o
        10          0          0          0          0         68   isspace_c.o
         0          0          0          0          0          0   iusefp.o
        30          0          0          0          0         68   llshl.o
        36          0          0          0          0         68   llsshr.o
        32          0          0          0          0         68   llushr.o
        36          0          0          0          0         68   memcpya.o
        36          0          0          0          0        108   memseta.o
      1274         64          0          0          0        656   printf8.o
        40          8          0          0          0         84   scanf_char.o
       878         12          0          0          0        216   scanf_fp.o
         0          0          0          4          0          0   stdout.o
        28          0          0          0          0         76   strcmp.o
        18          0          0          0          0         68   strcpy.o
        14          0          0          0          0         68   strlen.o
        30          0          0          0          0         80   strncmp.o
        98          0          0          0          0         92   uldiv.o
        48          0          0          0          0         68   cdrcmple.o
        56          0          0          0          0         88   d2f.o
       334          0          0          0          0        148   dadd.o
       222          0          0          0          0        100   ddiv.o
       186          0          0          0          0        176   depilogue.o
        62          0          0          0          0         80   dfixi.o
        50          0          0          0          0         76   dfixui.o
        34          0          0          0          0         76   dflti.o
        26          0          0          0          0         76   dfltui.o
        24          0          0          0          0         76   dfltul.o
       228          0          0          0          0         96   dmul.o
       162          0          0          0          0        100   dsqrt.o
        38          0          0          0          0         68   f2d.o
       110          0          0          0          0        168   fepilogue.o

    ----------------------------------------------------------------------
     10764        712        584          8          0       7008   Library Totals
        26          0          0          0          0          0   (incl. Padding)

    ----------------------------------------------------------------------

      Code (inc. data)   RO Data    RW Data    ZI Data      Debug   Library Name

      5082        588        520          0          0       3176   m_wm.l
      4076        124         64          8          0       2436   mc_w.l
      1580          0          0          0          0       1396   mf_w.l

    ----------------------------------------------------------------------
     10764        712        584          8          0       7008   Library Totals

    ----------------------------------------------------------------------

==============================================================================


      Code (inc. data)   RO Data    RW Data    ZI Data      Debug   

     52964       4762       4332       1408      10032     859831   Grand Totals
     52964       4762       4332        816      10032     859831   ELF Image Totals (compressed)
     52964       4762       4332        816          0          0   ROM Totals

==============================================================================

    Total RO  Size (Code + RO Data)                57296 (  55.95kB)
    Total RW  Size (RW Data + ZI Data)             11440 (  11.17kB)
    Total ROM Size (Code + RO Data + RW Data)      58112 (  56.75kB)

==============================================================================

